C:\Users\fcoda\Documents\MCUXpressoIDE_25.6.136\workspace\frdmrw612_wifi_mqtt\wifi\incl/wm_utils.h:103:28:wm_hex2bin	48	static
C:\Users\fcoda\Documents\MCUXpressoIDE_25.6.136\workspace\frdmrw612_wifi_mqtt\wifi\port\osa/osa_freertos.h:121:20:OSA_LockSchedule	8	static
C:\Users\fcoda\Documents\MCUXpressoIDE_25.6.136\workspace\frdmrw612_wifi_mqtt\wifi\port\osa/osa_freertos.h:127:20:OSA_UnlockSchedule	8	static
C:\Users\fcoda\Documents\MCUXpressoIDE_25.6.136\workspace\frdmrw612_wifi_mqtt\wifi\incl\wlcmgr/wlan.h:1066:19:is_valid_security	16	static
C:\Users\fcoda\Documents\MCUXpressoIDE_25.6.136\workspace\frdmrw612_wifi_mqtt\wifi\incl\wlcmgr/wlan.h:5141:20:print_mac	40	static
C:\Users\fcoda\Documents\MCUXpressoIDE_25.6.136\workspace\frdmrw612_wifi_mqtt\wifi\incl\port\net/wm_net.h:393:20:net_stack_buffer_free	16	static
C:\Users\fcoda\Documents\MCUXpressoIDE_25.6.136\workspace\frdmrw612_wifi_mqtt\wifi\incl\port\net/wm_net.h:425:21:net_stack_buffer_get_payload	16	static
C:\Users\fcoda\Documents\MCUXpressoIDE_25.6.136\workspace\frdmrw612_wifi_mqtt\wifi\incl\wlcmgr/wlan_11d.h:28:19:wlan_enable_11d	16	static
C:\Users\fcoda\Documents\MCUXpressoIDE_25.6.136\workspace\frdmrw612_wifi_mqtt\wifi\incl\wlcmgr/wlan_11d.h:52:19:wlan_enable_uap_11d	16	static
../wifi/wlcmgr/wlan.c:810:5:verify_scan_duration_value	16	static
../wifi/wlcmgr/wlan.c:819:5:verify_scan_channel_value	16	static
../wifi/wlcmgr/wlan.c:828:5:verify_split_scan_delay	16	static
../wifi/wlcmgr/wlan.c:837:5:set_scan_params	16	static
../wifi/wlcmgr/wlan.c:871:5:wlan_set_get_rx_abort_cfg	16	static
../wifi/wlcmgr/wlan.c:878:5:wlan_set_rx_abort_cfg_ext	16	static
../wifi/wlcmgr/wlan.c:883:5:wlan_get_rx_abort_cfg_ext	16	static
../wifi/wlcmgr/wlan.c:890:5:wlan_set_get_cck_desense_cfg	16	static
../wifi/wlcmgr/wlan.c:896:5:get_scan_params	16	static
../wifi/wlcmgr/wlan.c:904:6:wlan_dhcp_cleanup	8	static
../wifi/wlcmgr/wlan.c:953:5:wlan_is_started	4	static
../wifi/wlcmgr/wlan.c:958:5:wlan_is_stopped	4	static
../wifi/wlcmgr/wlan.c:963:13:is_user_scanning	4	static
../wifi/wlcmgr/wlan.c:968:13:is_state	16	static
../wifi/wlcmgr/wlan.c:978:26:wlan_get_sta_state	8	static
../wifi/wlcmgr/wlan.c:987:13:is_uap_state	16	static
../wifi/wlcmgr/wlan.c:992:12:wlan_get_ipv4_addr	24	static
../wifi/wlcmgr/wlan.c:1149:13:temperature_mon_cb	16	static
../wifi/wlcmgr/wlan.c:1633:13:wlan_send_sleep_confirm	16	static
../wifi/wlcmgr/wlan.c:1645:12:is_bssid_any	16	static
../wifi/wlcmgr/wlan.c:1652:12:security_profile_matches	24	static
../wifi/wlcmgr/wlan.c:1784:12:network_matches_scan_result	72	static
../wifi/wlcmgr/wlan.c:1955:12:configure_security	48	static
../wifi/wlcmgr/wlan.c:2112:13:is_running	4	static
../wifi/wlcmgr/wlan.c:2117:13:is_sta_connecting	4	static
../wifi/wlcmgr/wlan.c:2123:13:is_scanning_allowed	8	static
../wifi/wlcmgr/wlan.c:2131:13:do_scan	72	static
../wifi/wlcmgr/wlan.c:2253:13:do_hidden_scan	72	static
../wifi/wlcmgr/wlan.c:2312:12:do_connect	16	static
../wifi/wlcmgr/wlan.c:2335:12:do_start	496	static
../wifi/wlcmgr/wlan.c:2536:12:do_stop	24	static
../wifi/wlcmgr/wlan.c:2572:13:do_connect_failed	24	static
../wifi/wlcmgr/wlan.c:2611:13:report_scan_results	16	static
../wifi/wlcmgr/wlan.c:2625:13:update_network_params	24	static
../wifi/wlcmgr/wlan.c:2822:12:start_association	40	static
../wifi/wlcmgr/wlan.c:2858:13:wlan_send_btm_response	32	static
../wifi/wlcmgr/wlan.c:2867:13:handle_scan_results	240	static
../wifi/wlcmgr/wlan.c:3092:13:wlan_disable_power_save	16	static
../wifi/wlcmgr/wlan.c:3116:13:wlan_enable_power_save	16	static
../wifi/wlcmgr/wlan.c:3140:13:wlcm_process_sleep_event	8	static
../wifi/wlcmgr/wlan.c:3145:13:wlcm_process_ieeeps_event	24	static
../wifi/wlcmgr/wlan.c:3179:13:wlcm_process_deepsleep_event	24	static
../wifi/wlcmgr/wlan.c:3269:13:wlcm_process_scan_result_event	16	static
../wifi/wlcmgr/wlan.c:3340:13:wlcm_process_sta_addr_config_event	32	static
../wifi/wlcmgr/wlan.c:3425:13:wlcm_process_channel_switch_ann	16	static
../wifi/wlcmgr/wlan.c:3450:6:wlcm_process_csi_status_report	24	static
../wifi/wlcmgr/wlan.c:3805:13:wlcm_process_channel_switch	24	static
../wifi/wlcmgr/wlan.c:3897:13:wlcm_process_send_addba	24	static
../wifi/wlcmgr/wlan.c:3910:13:wlcm_process_addba_request	16	static
../wifi/wlcmgr/wlan.c:3927:13:wlcm_process_delba_request	16	static
../wifi/wlcmgr/wlan.c:3944:13:wlcm_process_ba_stream_timeout_request	16	static
../wifi/wlcmgr/wlan.c:3964:13:wlcm_process_association_event	16	static
../wifi/wlcmgr/wlan.c:4088:13:wlcm_process_pmk_event	40	static
../wifi/wlcmgr/wlan.c:4111:13:wlcm_process_authentication_event	40	static
../wifi/wlcmgr/wlan.c:4335:13:wlcm_process_rssi_low_event	40	static
../wifi/wlcmgr/wlan.c:4430:13:wlan_sort_nlist_channels	24	static
../wifi/wlcmgr/wlan.c:4528:13:wlcm_process_neighbor_list_report_event	104	static
../wifi/wlcmgr/wlan.c:4737:12:wlan_check_valid_channel_operclass	64	static
../wifi/wlcmgr/wlan.c:4784:12:wlan_set_uap_ecsa_cfg	48	static
../wifi/wlcmgr/wlan.c:4846:13:wlan_switch_to_nondfs_channel	40	static
../wifi/wlcmgr/wlan.c:4875:13:wlcm_process_link_loss_event	32	static
../wifi/wlcmgr/wlan.c:5001:13:wlcm_process_disassoc_event	24	static
../wifi/wlcmgr/wlan.c:5038:13:wlcm_process_deauthentication_event	24	static
../wifi/wlcmgr/wlan.c:5066:13:wlcm_process_net_dhcp_config	48	static
../wifi/wlcmgr/wlan.c:5215:13:wlcm_process_net_ipv6_config	40	static
../wifi/wlcmgr/wlan.c:5288:5:wlan_rx_mgmt_indication	24	static
../wifi/wlcmgr/wlan.c:6101:13:wlcm_process_init_params	8	static
../wifi/wlcmgr/wlan.c:6123:13:wlcm_process_init	24	static
../wifi/wlcmgr/wlan.c:6229:13:wlcm_process_net_if_config_event	16	static
../wifi/wlcmgr/wlan.c:6328:26:uap_state_machine	32	static
../wifi/wlcmgr/wlan.c:6527:13:wlcm_request_scan	416	static
../wifi/wlcmgr/wlan.c:6644:13:wlcm_deinit	16	static
../wifi/wlcmgr/wlan.c:6658:13:wlcm_request_disconnect	24	static
../wifi/wlcmgr/wlan.c:6824:13:wlcm_request_connect	32	static
../wifi/wlcmgr/wlan.c:6898:13:wlcm_request_reconnect	24	static
../wifi/wlcmgr/wlan.c:6930:13:wifi_process_bg_scan_stopped	16	static
../wifi/wlcmgr/wlan.c:6949:13:wlcm_process_bg_scan_report	8	static
../wifi/wlcmgr/wlan.c:6959:13:wlcm_process_get_hw_spec_event	8	static
../wifi/wlcmgr/wlan.c:6985:13:wlcm_process_mgmt_frame	24	static
../wifi/wlcmgr/wlan.c:7046:13:wlcm_process_region_power_cfg	24	static
../wifi/wlcmgr/wlan.c:7061:13:wlcm_set_rssi_low_threshold	16	static
../wifi/wlcmgr/wlan.c:7071:13:wlcm_process_chan_load	24	static
../wifi/wlcmgr/wlan.c:7161:26:handle_message	24	static
../wifi/wlcmgr/wlan.c:7667:13:is_uap_msg	16	static
../wifi/wlcmgr/wlan.c:7677:13:wlcmgr_task	32	static
../wifi/wlcmgr/wlan.c:7857:12:send_user_request	24	static
../wifi/wlcmgr/wlan.c:7873:13:copy_network	16	static
../wifi/wlcmgr/wlan.c:7903:12:wifi_wakeup_card_cb	24	static
../wifi/wlcmgr/wlan.c:7920:5:wlan_init	40	static
../wifi/wlcmgr/wlan.c:8073:6:wlan_deinit	16	static
../wifi/wlcmgr/wlan.c:8201:13:assoc_timer_cb	16	static
../wifi/wlcmgr/wlan.c:8234:13:neighbor_req_timer_cb	16	static
../wifi/wlcmgr/wlan.c:8338:13:wlan_wait_wlmgr_ready	8	static
../wifi/wlcmgr/wlan.c:8357:5:wlan_start	32	static
../wifi/wlcmgr/wlan.c:8707:5:wlan_stop	16	static
../wifi/wlcmgr/wlan.c:8886:6:wlan_initialize_uap_network	16	static
../wifi/wlcmgr/wlan.c:8909:6:wlan_initialize_sta_network	16	static
../wifi/wlcmgr/wlan.c:8924:13:isHexNumber	24	static
../wifi/wlcmgr/wlan.c:8937:13:wlan_is_key_valid	24	static
../wifi/wlcmgr/wlan.c:9167:12:wlan_key_mgmt_wpa_psk	24	static
../wifi/wlcmgr/wlan.c:9197:12:wlan_key_mgmt_sae	24	static
../wifi/wlcmgr/wlan.c:9241:12:wlan_key_mgmt_wpa_psk_sae	24	static
../wifi/wlcmgr/wlan.c:9266:12:wlan_key_mgmt_owe	24	static
../wifi/wlcmgr/wlan.c:9297:5:wlan_add_network	32	static
../wifi/wlcmgr/wlan.c:10188:9:wlan_check_11n_capa	24	static
../wifi/wlcmgr/wlan.c:10206:9:wlan_check_11ac_capa	24	static
../wifi/wlcmgr/wlan.c:10226:9:wlan_check_11ax_capa	24	static
../wifi/wlcmgr/wlan.c:10247:5:wlan_remove_network	24	static
../wifi/wlcmgr/wlan.c:10412:5:wlan_get_network_count	16	static
../wifi/wlcmgr/wlan.c:10423:5:wlan_get_current_network	24	static
../wifi/wlcmgr/wlan.c:10447:5:wlan_get_current_network_ssid	16	static
../wifi/wlcmgr/wlan.c:10464:5:wlan_get_current_network_bssid	16	static
../wifi/wlcmgr/wlan.c:10481:5:wlan_get_current_uap_network	16	static
../wifi/wlcmgr/wlan.c:10497:5:wlan_get_current_uap_network_ssid	16	static
../wifi/wlcmgr/wlan.c:10515:5:wlan_set_rssi_threshold	16	static
../wifi/wlcmgr/wlan.c:10524:6:is_uap_started	8	static
../wifi/wlcmgr/wlan.c:10529:6:is_sta_associated	8	static
../wifi/wlcmgr/wlan.c:10534:6:is_sta_connected	4	static
../wifi/wlcmgr/wlan.c:10539:6:is_sta_ipv4_connected	4	static
../wifi/wlcmgr/wlan.c:10545:6:is_sta_ipv6_connected	4	static
../wifi/wlcmgr/wlan.c:10551:5:wlan_get_network	24	static
../wifi/wlcmgr/wlan.c:10574:5:wlan_get_current_nf	4	static
../wifi/wlcmgr/wlan.c:10579:5:wlan_get_current_signal_strength	40	static
../wifi/wlcmgr/wlan.c:10589:5:wlan_get_average_signal_strength	40	static
../wifi/wlcmgr/wlan.c:10599:5:wlan_get_current_rssi	16	static
../wifi/wlcmgr/wlan.c:10606:5:wlan_get_network_byname	24	static
../wifi/wlcmgr/wlan.c:10627:5:wlan_set_network_ip_byname	24	static
../wifi/wlcmgr/wlan.c:10648:5:wlan_remove_all_network_profiles	16	static
../wifi/wlcmgr/wlan.c:10668:5:wlan_disconnect	8	static
../wifi/wlcmgr/wlan.c:10691:5:wlan_connect	32	static
../wifi/wlcmgr/wlan.c:10764:5:wlan_connect_opt	24	static
../wifi/wlcmgr/wlan.c:10781:5:wlan_reassociate	16	static
../wifi/wlcmgr/wlan.c:10836:5:wlan_start_network	24	static
../wifi/wlcmgr/wlan.c:10897:5:wlan_stop_network	24	static
../wifi/wlcmgr/wlan.c:10940:5:wlan_remove_all_networks	16	static
../wifi/wlcmgr/wlan.c:10965:6:wlan_destroy_all_tasks	8	static
../wifi/wlcmgr/wlan.c:10985:5:wlan_imu_get_task_lock	8	static
../wifi/wlcmgr/wlan.c:10990:5:wlan_imu_put_task_lock	8	static
../wifi/wlcmgr/wlan.c:10996:6:wlan_reset	16	static
../wifi/wlcmgr/wlan.c:11158:13:wlcmgr_mon_task	32	static
../wifi/wlcmgr/wlan.c:11271:5:wlan_get_scan_result	24	static
../wifi/wlcmgr/wlan.c:11425:6:wlan_set_cal_data	16	static
../wifi/wlcmgr/wlan.c:11433:5:wlan_set_mac_addr	24	static
../wifi/wlcmgr/wlan.c:11478:5:wlan_set_uap_mac_addr	16	static
../wifi/wlcmgr/wlan.c:11518:5:wlan_set_sta_mac_addr	16	static
../wifi/wlcmgr/wlan.c:11555:5:wlan_scan	232	static
../wifi/wlcmgr/wlan.c:11570:12:wlan_pscan	240	static
../wifi/wlcmgr/wlan.c:11607:5:wlan_scan_with_opt	24	static
../wifi/wlcmgr/wlan.c:11699:5:wlan_get_connection_state	24	static
../wifi/wlcmgr/wlan.c:11753:5:wlan_get_ps_mode	16	static
../wifi/wlcmgr/wlan.c:11805:5:wlan_get_ps_mode_cfg	16	static
../wifi/wlcmgr/wlan.c:11821:5:wlan_get_uap_connection_state	24	static
../wifi/wlcmgr/wlan.c:11854:5:wlan_get_address	24	static
../wifi/wlcmgr/wlan.c:11895:5:wlan_get_uap_address	24	static
../wifi/wlcmgr/wlan.c:11919:5:wlan_get_uap_channel	16	static
../wifi/wlcmgr/wlan.c:11953:5:wlan_get_mac_address	16	static
../wifi/wlcmgr/wlan.c:11962:5:wlan_get_mac_address_uap	16	static
../wifi/wlcmgr/wlan.c:11986:6:wlan_wake_up_card	16	static
../wifi/wlcmgr/wlan.c:11993:5:wlan_set_ieeeps_cfg	16	static
../wifi/wlcmgr/wlan.c:12000:6:wlan_configure_listen_interval	16	static
../wifi/wlcmgr/wlan.c:12005:6:wlan_configure_delay_to_ps	16	static
../wifi/wlcmgr/wlan.c:12010:6:wlan_configure_idle_time	16	static
../wifi/wlcmgr/wlan.c:12015:14:wlan_get_idle_time	8	static
../wifi/wlcmgr/wlan.c:12020:16:wlan_get_listen_interval	8	static
../wifi/wlcmgr/wlan.c:12025:14:wlan_get_delay_to_ps	8	static
../wifi/wlcmgr/wlan.c:12030:6:wlan_is_power_save_enabled	4	static
../wifi/wlcmgr/wlan.c:12044:6:wlan_configure_null_pkt_interval	16	static
../wifi/wlcmgr/wlan.c:12049:5:wlan_ieeeps_on	24	static
../wifi/wlcmgr/wlan.c:12083:5:wlan_ieeeps_off	8	static
../wifi/wlcmgr/wlan.c:12139:5:wlan_deepsleepps_on	16	static
../wifi/wlcmgr/wlan.c:12157:5:wlan_deepsleepps_off	8	static
../wifi/wlcmgr/wlan.c:12224:5:wlan_set_antcfg	24	static
../wifi/wlcmgr/wlan.c:12236:5:wlan_get_antcfg	32	static
../wifi/wlcmgr/wlan.c:12250:5:wlan_wlcmgr_send_msg	24	static
../wifi/wlcmgr/wlan.c:12274:5:load_wep_key	32	static
../wifi/wlcmgr/wlan.c:12315:5:get_split_scan_delay_ms	4	static
../wifi/wlcmgr/wlan.c:12320:7:wlan_get_firmware_version_ext	4	static
../wifi/wlcmgr/wlan.c:12325:14:wlan_get_uap_supported_max_clients	4	static
../wifi/wlcmgr/wlan.c:12330:5:wlan_get_uap_max_clients	16	static
../wifi/wlcmgr/wlan.c:12339:5:wlan_set_uap_max_clients	24	static
../wifi/wlcmgr/wlan.c:12382:5:wlan_get_mgmt_ie	24	static
../wifi/wlcmgr/wlan.c:12387:5:wlan_set_mgmt_ie	24	static
../wifi/wlcmgr/wlan.c:12404:5:wlan_clear_mgmt_ie	16	static
../wifi/wlcmgr/wlan.c:12409:5:wlan_set_txbfcap	16	static
../wifi/wlcmgr/wlan.c:12414:5:wlan_set_htcapinfo	16	static
../wifi/wlcmgr/wlan.c:12419:5:wlan_set_httxcfg	16	static
../wifi/wlcmgr/wlan.c:12424:5:wlan_set_txratecfg	56	static
../wifi/wlcmgr/wlan.c:12429:5:wlan_get_txratecfg	24	static
../wifi/wlcmgr/wlan.c:12450:5:wlan_set_sta_tx_power	16	static
../wifi/wlcmgr/wlan.c:12455:5:wlan_get_sta_tx_power	16	static
../wifi/wlcmgr/wlan.c:12461:5:wlan_set_region_power_cfg	16	static
../wifi/wlcmgr/wlan.c:12467:5:wlan_set_chanlist_and_txpwrlimit	24	static
../wifi/wlcmgr/wlan.c:12487:5:wlan_set_chanlist	16	static
../wifi/wlcmgr/wlan.c:12497:5:wlan_get_chanlist	16	static
../wifi/wlcmgr/wlan.c:12507:5:wlan_set_txpwrlimit	16	static
../wifi/wlcmgr/wlan.c:12517:5:wlan_get_txpwrlimit	16	static
../wifi/wlcmgr/wlan.c:12541:6:wlan_set_reassoc_control	16	static
../wifi/wlcmgr/wlan.c:12547:5:wlan_set_ed_mac_mode	16	static
../wifi/wlcmgr/wlan.c:12552:5:wlan_get_ed_mac_mode	16	static
../wifi/wlcmgr/wlan.c:12557:5:wlan_set_uap_ed_mac_mode	16	static
../wifi/wlcmgr/wlan.c:12562:5:wlan_get_uap_ed_mac_mode	16	static
../wifi/wlcmgr/wlan.c:12567:6:wlan_get_11d_enable_status	8	static
../wifi/wlcmgr/wlan.c:12572:5:wlan_remain_on_channel	32	static
../wifi/wlcmgr/wlan.c:12597:5:wlan_get_otp_user_data	16	static
../wifi/wlcmgr/wlan.c:12608:5:wlan_get_log	16	static
../wifi/wlcmgr/wlan.c:12616:5:wlan_uap_get_log	16	static
../wifi/wlcmgr/wlan.c:12624:5:wlan_get_stats	16	static
../wifi/wlcmgr/wlan.c:12632:5:wlan_reset_stats	16	static
../wifi/wlcmgr/wlan.c:12638:5:wlan_get_cal_data	16	static
../wifi/wlcmgr/wlan.c:12676:5:wlan_get_tsf	16	static
../wifi/wlcmgr/wlan.c:12681:5:wlan_tcp_keep_alive	24	static
../wifi/wlcmgr/wlan.c:12832:10:wlan_get_beacon_period	16	static
../wifi/wlcmgr/wlan.c:12855:12:pscan_cb	136	static
../wifi/wlcmgr/wlan.c:12887:9:wlan_get_dtim_period	16	static
../wifi/wlcmgr/wlan.c:12917:5:wlan_get_data_rate	16	static
../wifi/wlcmgr/wlan.c:12922:12:wlan_set_pmfcfg	16	static
../wifi/wlcmgr/wlan.c:12932:5:wlan_get_pmfcfg	16	static
../wifi/wlcmgr/wlan.c:12937:5:wlan_uap_get_pmfcfg	16	static
../wifi/wlcmgr/wlan.c:12949:5:wlan_set_packet_filters	16	static
../wifi/wlcmgr/wlan.c:13182:5:wlan_get_current_bssid	24	static
../wifi/wlcmgr/wlan.c:13206:9:wlan_get_current_channel	16	static
../wifi/wlcmgr/wlan.c:13225:6:wlan_sta_ampdu_tx_enable	8	static
../wifi/wlcmgr/wlan.c:13230:6:wlan_sta_ampdu_tx_disable	8	static
../wifi/wlcmgr/wlan.c:13235:6:wlan_sta_ampdu_rx_enable	8	static
../wifi/wlcmgr/wlan.c:13240:6:wlan_sta_ampdu_rx_disable	8	static
../wifi/wlcmgr/wlan.c:13245:6:wlan_uap_ampdu_tx_enable	8	static
../wifi/wlcmgr/wlan.c:13250:6:wlan_uap_ampdu_tx_disable	8	static
../wifi/wlcmgr/wlan.c:13255:6:wlan_uap_ampdu_rx_enable	8	static
../wifi/wlcmgr/wlan.c:13260:6:wlan_uap_ampdu_rx_disable	8	static
../wifi/wlcmgr/wlan.c:13266:6:wlan_uap_set_scan_chan_list	8	static
../wifi/wlcmgr/wlan.c:13274:6:wlan_uap_set_beacon_period	16	static
../wifi/wlcmgr/wlan.c:13289:5:wlan_uap_set_bandwidth	16	static
../wifi/wlcmgr/wlan.c:13310:5:wlan_uap_get_bandwidth	16	static
../wifi/wlcmgr/wlan.c:13331:5:wlan_uap_set_hidden_ssid	16	static
../wifi/wlcmgr/wlan.c:13361:6:wlan_uap_ctrl_deauth	16	static
../wifi/wlcmgr/wlan.c:13368:6:wlan_uap_set_ecsa	8	static
../wifi/wlcmgr/wlan.c:13375:6:wlan_uap_set_htcapinfo	16	static
../wifi/wlcmgr/wlan.c:13382:6:wlan_uap_set_httxcfg	16	static
../wifi/wlcmgr/wlan.c:13391:5:wlan_set_rts	16	static
../wifi/wlcmgr/wlan.c:13396:5:wlan_set_uap_rts	16	static
../wifi/wlcmgr/wlan.c:13403:5:wlan_set_frag	16	static
../wifi/wlcmgr/wlan.c:13408:5:wlan_set_uap_frag	16	static
../wifi/wlcmgr/wlan.c:13415:5:_wlan_rrm_scan_cb	48	static
../wifi/wlcmgr/wlan.c:13505:6:wlan_rrm_request_scan	416	static
../wifi/wlcmgr/wlan.c:13576:6:wlan_set_scan_channel_gap	16	static
../wifi/wlcmgr/wlan.c:13584:5:wlan_host_11k_cfg	16	static
../wifi/wlcmgr/wlan.c:13594:6:wlan_get_host_11k_status	4	static
../wifi/wlcmgr/wlan.c:13599:5:wlan_host_11k_neighbor_req	24	static
../wifi/wlcmgr/wlan.c:13627:5:wlan_host_11v_bss_trans_query	24	static
../wifi/wlcmgr/wlan.c:13657:5:wlan_host_mbo_cfg	16	static
../wifi/wlcmgr/wlan.c:13662:5:wlan_mbo_peferch_cfg	40	static
../wifi/wlcmgr/wlan.c:13800:6:wlan_version_extended	16	static
../wifi/wlcmgr/wlan.c:13825:6:wlan_set_txrx_histogram	24	static
../wifi/wlcmgr/wlan.c:13837:5:wlan_set_roaming	16	static
../wifi/wlcmgr/wlan.c:13854:5:wlan_get_roaming_status	4	static
../wifi/wlcmgr/wlan.c:14089:6:wlan_wmm_tx_stats_dump	16	static
../wifi/wlcmgr/wlan.c:14095:5:wlan_send_hostcmd	32	static
../wifi/wlcmgr/wlan.c:14111:5:wlan_enable_disable_htc	88	static
../wifi/wlcmgr/wlan.c:14175:5:wlan_set_11ax_tx_omi	24	static
../wifi/wlcmgr/wlan.c:14215:5:wlan_set_11ax_tol_time	16	static
../wifi/wlcmgr/wlan.c:14233:5:wlan_set_11ax_rutxpowerlimit	16	static
../wifi/wlcmgr/wlan.c:14244:5:wlan_set_11ax_rutxpowerlimit_legacy	16	static
../wifi/wlcmgr/wlan.c:14254:5:wlan_get_11ax_rutxpowerlimit_legacy	16	static
../wifi/wlcmgr/wlan.c:14279:5:wlan_set_11ax_cfg	16	static
../wifi/wlcmgr/wlan.c:14284:21:wlan_get_11ax_cfg	4	static
../wifi/wlcmgr/wlan.c:14290:5:wlan_set_btwt_cfg	16	static
../wifi/wlcmgr/wlan.c:14295:5:wlan_get_btwt_cfg	16	static
../wifi/wlcmgr/wlan.c:14319:5:wlan_set_twt_setup_cfg	16	static
../wifi/wlcmgr/wlan.c:14331:27:wlan_get_twt_setup_cfg	4	static
../wifi/wlcmgr/wlan.c:14339:5:wlan_set_twt_teardown_cfg	16	static
../wifi/wlcmgr/wlan.c:14344:30:wlan_get_twt_teardown_cfg	4	static
../wifi/wlcmgr/wlan.c:14349:5:wlan_get_twt_report	16	static
../wifi/wlcmgr/wlan.c:14354:5:wlan_twt_information	16	static
../wifi/wlcmgr/wlan.c:14362:5:wlan_get_tsf_info	16	static
../wifi/wlcmgr/wlan.c:14366:5:wlan_set_clocksync_cfg	16	static
../wifi/wlcmgr/wlan.c:14373:5:wlan_set_crypto_RC4_encrypt	160	static
../wifi/wlcmgr/wlan.c:14409:5:wlan_set_crypto_RC4_decrypt	160	static
../wifi/wlcmgr/wlan.c:14445:5:wlan_set_crypto_AES_ECB_encrypt	160	static
../wifi/wlcmgr/wlan.c:14481:5:wlan_set_crypto_AES_ECB_decrypt	160	static
../wifi/wlcmgr/wlan.c:14517:5:wlan_set_crypto_AES_WRAP_encrypt	160	static
../wifi/wlcmgr/wlan.c:14554:5:wlan_set_crypto_AES_WRAP_decrypt	160	static
../wifi/wlcmgr/wlan.c:14590:5:wlan_set_crypto_AES_CCMP_encrypt	160	static
../wifi/wlcmgr/wlan.c:14643:5:wlan_set_crypto_AES_CCMP_decrypt	160	static
../wifi/wlcmgr/wlan.c:14697:5:wlan_set_crypto_AES_GCMP_encrypt	160	static
../wifi/wlcmgr/wlan.c:14744:5:wlan_set_crypto_AES_GCMP_decrypt	160	static
../wifi/wlcmgr/wlan.c:14838:5:wlan_uap_set_ecsa_cfg	40	static
../wifi/wlcmgr/wlan.c:14851:5:wlan_set_mmsf	16	static
../wifi/wlcmgr/wlan.c:14856:5:wlan_get_mmsf	24	static
../wifi/wlcmgr/wlan.c:14871:5:wlan_channel_load	16	static
../wifi/wlcmgr/wlan.c:14876:5:wlan_get_channel_load	16	static
../wifi/wlcmgr/wlan.c:14892:5:wlan_set_subscribe_event	32	static
../wifi/wlcmgr/wlan.c:14937:5:wlan_get_subscribe_event	64	static
../wifi/wlcmgr/wlan.c:14947:5:wlan_clear_subscribe_event	24	static
../wifi/wlcmgr/wlan.c:14996:5:wlan_set_threshold_link_quality	40	static
../wifi/wlcmgr/wlan.c:15021:5:wlan_wmm_uapsd_qosinfo	24	static
../wifi/wlcmgr/wlan.c:15032:5:wlan_set_wmm_uapsd	32	static
../wifi/wlcmgr/wlan.c:15062:5:wlan_sleep_period	24	static
../wifi/wlcmgr/wlan.c:15073:6:wlan_is_wmm_uapsd_enabled	4	static
../wifi/wlcmgr/wlan.c:15080:5:wlan_tx_ampdu_prot_mode	16	static
../wifi/wlcmgr/wlan.c:15475:28:wlan_get_csi_cfg_param_default	4	static
../wifi/wlcmgr/wlan.c:15480:5:wlan_set_csi_cfg_param_default	16	static
../wifi/wlcmgr/wlan.c:15491:6:wlan_reset_csi_filter_data	8	static
../wifi/wlcmgr/wlan.c:15496:5:wlan_register_csi_user_callback	16	static
../wifi/wlcmgr/wlan.c:15501:5:wlan_unregister_csi_user_callback	8	static
../wifi/wlcmgr/wlan.c:15506:5:wlan_csi_cfg	24	static
../wifi/wlcmgr/wlan.c:15526:6:wlan_set_rssi_low_threshold	16	static
../wifi/wlcmgr/wlan.c:16128:6:wlan_register_monitor_user_callback	16	static
../wifi/wlcmgr/wlan.c:16133:6:wlan_deregister_net_monitor_user_callback	8	static
../wifi/wlcmgr/wlan.c:16138:5:wlan_net_monitor_cfg	24	static
../wifi/wlcmgr/wlan.c:16155:5:wlan_mgmtframe_tx_cfg	24	static
../wifi/wlcmgr/wlan.c:16181:5:wlan_get_tsp_cfg	64	static
../wifi/wlcmgr/wlan.c:16196:5:wlan_set_tsp_cfg	72	static
../wifi/wlcmgr/wlan.c:16212:5:wlan_get_signal_info	16	static
../wifi/wlcmgr/wlan.c:16218:5:wlan_set_bandcfg	16	static
../wifi/wlcmgr/wlan.c:16223:5:wlan_get_bandcfg	16	static
../wifi/wlcmgr/wlan.c:16229:5:wlan_get_turbo_mode	16	static
../wifi/wlcmgr/wlan.c:16234:5:wlan_get_uap_turbo_mode	16	static
../wifi/wlcmgr/wlan.c:16239:5:wlan_set_turbo_mode	16	static
../wifi/wlcmgr/wlan.c:16244:5:wlan_set_uap_turbo_mode	16	static
../wifi/wlcmgr/wlan.c:16250:6:wlan_set_ps_cfg	32	static
../wifi/wlcmgr/wlan.c:16261:5:wlan_set_ips	16	static
../wifi/wlcmgr/wlan.c:16267:5:wlan_set_country_code	32	static
../wifi/wlcmgr/wlan.c:16343:5:wlan_set_country_ie_ignore	16	static
../wifi/wlcmgr/wlan.c:16348:5:wlan_set_region_code	24	static
../wifi/wlcmgr/wlan.c:16369:5:wlan_get_region_code	16	static
../wifi/wlcmgr/wlan.c:16374:5:wlan_set_11d_state	16	static
../wifi/wlcmgr/wlan.c:16396:5:wlan_single_ant_duty_cycle	16	static
../wifi/wlcmgr/wlan.c:16401:5:wlan_dual_ant_duty_cycle	24	static
../wifi/wlcmgr/wlan.c:16408:5:wlan_external_coex_pta_cfg	24	static
../wifi/wlcmgr/wlan.c:16883:5:wlan_sta_inactivityto	16	static
../wifi/wlcmgr/wlan.c:17094:5:wlan_auto_null_tx	16	static
../wifi/wlcmgr/wlan.c:17105:7:wlan_get_status_code	24	static
../wifi/wlcmgr/wlan.c:17138:9:wlan_get_temperature	8	static
../wifi/wlcmgr/wlan.c:17144:7:wlan_string_dup	24	static
../wifi/wlcmgr/wlan.c:17152:10:wlan_get_board_type	16	static
../wifi/wlcmgr/wlan.c:17164:5:wlan_uap_disconnect_sta	24	static
../wifi/wlcmgr/wlan.c:17185:5:wlan_11n_allowed	32	static
../wifi/wlcmgr/wlan.c:17212:5:wlan_11ac_allowed	32	static
../wifi/wlcmgr/wlan.c:17240:5:wlan_11ax_allowed	32	static
