C:\Users\fcoda\Documents\MCUXpressoIDE_25.6.136\workspace\frdmrw612_wifi_mqtt\wifi\incl\port\net/wm_net.h:293:19:net_get_sock_error	24	static
../wifi/dhcpd/dns-server.c:33:13:format_qname	32	static
../wifi/dhcpd/dns-server.c:61:21:make_answer_rr	40	static
../wifi/dhcpd/dns-server.c:91:14:parse_questions	32	static
../wifi/dhcpd/dns-server.c:129:12:process_dns_message	48	static
../wifi/dhcpd/dns-server.c:209:6:dhcp_enable_dns_server	24	static
../wifi/dhcpd/dns-server.c:242:5:dns_server_init	16	static
../wifi/dhcpd/dns-server.c:261:6:dns_process_packet	40	static
../wifi/dhcpd/dns-server.c:279:10:dns_get_nameserver	4	static
../wifi/dhcpd/dns-server.c:288:5:dns_get_maxsock	24	static
../wifi/dhcpd/dns-server.c:301:6:dns_free_allocations	8	static
