C:\Users\fcoda\Documents\MCUXpressoIDE_25.6.136\workspace\frdmrw612_wifi_mqtt\CMSIS/core_cm33.h:2358:22:__NVIC_EnableIRQ	16	static
C:\Users\fcoda\Documents\MCUXpressoIDE_25.6.136\workspace\frdmrw612_wifi_mqtt\CMSIS/core_cm33.h:2396:22:__NVIC_DisableIRQ	16	static
C:\Users\fcoda\Documents\MCUXpressoIDE_25.6.136\workspace\frdmrw612_wifi_mqtt\CMSIS/core_cm33.h:2449:22:__NVIC_ClearPendingIRQ	16	static
C:\Users\fcoda\Documents\MCUXpressoIDE_25.6.136\workspace\frdmrw612_wifi_mqtt\CMSIS/core_cm33.h:2555:22:__NVIC_SetPriority	16	static
C:\Users\fcoda\Documents\MCUXpressoIDE_25.6.136\workspace\frdmrw612_wifi_mqtt\drivers/fsl_common_arm.h:678:24:EnableIRQ	24	static
C:\Users\fcoda\Documents\MCUXpressoIDE_25.6.136\workspace\frdmrw612_wifi_mqtt\drivers/fsl_common_arm.h:728:24:DisableIRQ	24	static
C:\Users\fcoda\Documents\MCUXpressoIDE_25.6.136\workspace\frdmrw612_wifi_mqtt\drivers/fsl_imu.h:474:20:IMU_ClearPendingInterrupts	16	static
../component/imu_adapter/fsl_adapter_imu_common.h:52:20:LIST_init	16	static
../component/imu_adapter/fsl_adapter_imu_common.h:62:20:LIST_elemInit	16	static
../component/imu_adapter/fsl_adapter_imu_common.h:74:20:LIST_insertBefore	24	static
../component/imu_adapter/fsl_adapter_imu_common.h:91:20:LIST_addTail	16	static
../component/imu_adapter/fsl_adapter_imu_common.h:101:20:LIST_remove	16	static
../component/imu_adapter/fsl_adapter_imu.c:199:13:HAL_ImuSetCpuReadyFlag	16	static
../component/imu_adapter/fsl_adapter_imu.c:203:6:HAL_ImuGetCpuReadyFlag	16	static
../component/imu_adapter/fsl_adapter_imu.c:219:27:HAL_ImumcGetEndpointFromAddr	24	static
../component/imu_adapter/fsl_adapter_imu.c:238:27:HAL_ImumcCreateEndpoint	24	static
../component/imu_adapter/fsl_adapter_imu.c:259:27:HAL_ImumcDestroyEndpoint	24	static
../component/imu_adapter/fsl_adapter_imu.c:283:17:HAL_ImuGetWlanTxBuf	40	static
../component/imu_adapter/fsl_adapter_imu.c:303:27:HAL_ImuPutWlanTxBuf	40	static
../component/imu_adapter/fsl_adapter_imu.c:324:17:HAL_ImumcGetTxBuf	56	static
../component/imu_adapter/fsl_adapter_imu.c:368:27:HAL_ImumcPutTxBuf	56	static
../component/imu_adapter/fsl_adapter_imu.c:409:20:HAL_ImuLinkIsUp	24	static
../component/imu_adapter/fsl_adapter_imu.c:426:6:HAL_ImuResetWlanTxq	24	static
../component/imu_adapter/fsl_adapter_imu.c:435:27:HAL_ImuSendMsgBlockingCommon	72	static
../component/imu_adapter/fsl_adapter_imu.c:518:27:HAL_ImuSendMsgBlocking	32	static
../component/imu_adapter/fsl_adapter_imu.c:524:27:HAL_ImuSendSync	32	static
../component/imu_adapter/fsl_adapter_imu.c:555:27:HAL_ImuSendImumcEptQuiry	32	static
../component/imu_adapter/fsl_adapter_imu.c:582:27:HAL_ImuSendImumcEptQuiryRsp	48	static
../component/imu_adapter/fsl_adapter_imu.c:621:27:HAL_ImuSendImumcFreeBuf	32	static
../component/imu_adapter/fsl_adapter_imu.c:647:27:HAL_ImuSendEventAck	40	static
../component/imu_adapter/fsl_adapter_imu.c:673:20:HAL_ImuSendEventDumpAck	40	static
../component/imu_adapter/fsl_adapter_imu.c:703:27:HAL_ImuSendCommandRspAck	40	static
../component/imu_adapter/fsl_adapter_imu.c:729:27:HAL_ImuFreeRxBuf	40	static
../component/imu_adapter/fsl_adapter_imu.c:755:20:HAL_ImuSendCommand	48	static
../component/imu_adapter/fsl_adapter_imu.c:794:20:HAL_ImuSendTxData	48	static
../component/imu_adapter/fsl_adapter_imu.c:835:20:HAL_ImuAddWlanTxPacket	40	static
../component/imu_adapter/fsl_adapter_imu.c:867:20:HAL_ImuAddWlanTxPacketExt	40	static
../component/imu_adapter/fsl_adapter_imu.c:902:20:HAL_ImuSendMultiTxData	40	static
../component/imu_adapter/fsl_adapter_imu.c:931:27:HAL_ImuSendSyncAck	32	static
../component/imu_adapter/fsl_adapter_imu.c:952:27:HAL_ImuSendUnlock	32	static
../component/imu_adapter/fsl_adapter_imu.c:978:20:HAL_ImuReturnAllTxBuf	40	static
../component/imu_adapter/fsl_adapter_imu.c:1040:27:HAL_ImuSendShutdown	32	static
../component/imu_adapter/fsl_adapter_imu.c:1066:27:HAL_ImuCtrlHandler	56	static
../component/imu_adapter/fsl_adapter_imu.c:1182:20:HAL_ImuReceive	112	static
../component/imu_adapter/fsl_adapter_imu.c:1352:13:HAL_ImuMainCpu13	32	static
../component/imu_adapter/fsl_adapter_imu.c:1389:13:HAL_ImuMainCpu23	32	static
../component/imu_adapter/fsl_adapter_imu.c:1429:13:HAL_ImuTaskInit	16	static
../component/imu_adapter/fsl_adapter_imu.c:1460:13:HAL_ImuTaskDeinit	16	static
../component/imu_adapter/fsl_adapter_imu.c:1491:20:HAL_ImuInit	32	static
../component/imu_adapter/fsl_adapter_imu.c:1577:20:HAL_ImuDeinit	32	static
../component/imu_adapter/fsl_adapter_imu.c:1628:20:HAL_ImumcInit	48	static
../component/imu_adapter/fsl_adapter_imu.c:1712:20:HAL_ImumcDeinit	32	static
../component/imu_adapter/fsl_adapter_imu.c:1728:20:HAL_ImumcSend	72	static
../component/imu_adapter/fsl_adapter_imu.c:1794:20:HAL_ImumcNoCopySend	72	static
../component/imu_adapter/fsl_adapter_imu.c:1838:20:HAL_ImuInstallCallback	24	static
../component/imu_adapter/fsl_adapter_imu.c:1850:20:HAL_ImuInstallIrqCallback	16	static
../component/imu_adapter/fsl_adapter_imu.c:1859:20:HAL_ImumcInstallRxCallback	32	static
../component/imu_adapter/fsl_adapter_imu.c:1871:20:HAL_ImumcEnterLowpower	16	static
../component/imu_adapter/fsl_adapter_imu.c:1876:20:HAL_ImumcExitLowpower	16	static
../component/imu_adapter/fsl_adapter_imu.c:1881:6:HAL_ImumcSetEvent	16	static
../component/imu_adapter/fsl_adapter_imu.c:1935:6:W2MWKUP0_DriverIRQHandler	16	static
../component/imu_adapter/fsl_adapter_imu.c:1958:6:B2MWKUP0_DriverIRQHandler	16	static
../component/imu_adapter/fsl_adapter_imu.c:1987:7:HAL_ImumcAllocTxBuffer	32	static
../component/imu_adapter/fsl_adapter_imu.c:2022:20:HAL_ImumcFreeRxBuffer	24	static
../component/imu_adapter/fsl_adapter_imu.c:2035:6:HAL_ImuIsTxBufQueueEmpty	24	static
../component/imu_adapter/fsl_adapter_imu.c:2049:20:HAL_ImuCreateTaskLock	16	static
../component/imu_adapter/fsl_adapter_imu.c:2065:6:HAL_ImuDeleteTaskLock	8	static
../component/imu_adapter/fsl_adapter_imu.c:2074:20:HAL_ImuGetTaskLock	16	static
../component/imu_adapter/fsl_adapter_imu.c:2087:20:HAL_ImuPutTaskLock	16	static
