../lwip/src/apps/httpsrv/httpsrv_supp.c:205:5:httpsrv_wait_for_conn	48	static
../lwip/src/apps/httpsrv/httpsrv_supp.c:226:17:httpsrv_create_server	24	static
../lwip/src/apps/httpsrv/httpsrv_supp.c:273:6:httpsrv_destroy_server	24	static
../lwip/src/apps/httpsrv/httpsrv_supp.c:352:16:httpsrv_init_socket	32	static
../lwip/src/apps/httpsrv/httpsrv_supp.c:429:16:httpsrv_set_params	16	static
../lwip/src/apps/httpsrv/httpsrv_supp.c:552:5:httpsrv_accept	40	static
../lwip/src/apps/httpsrv/httpsrv_supp.c:566:6:httpsrv_abort	16	static
../lwip/src/apps/httpsrv/httpsrv_supp.c:580:5:httpsrv_recv	32	static
../lwip/src/apps/httpsrv/httpsrv_supp.c:600:5:httpsrv_send	32	static
../lwip/src/apps/httpsrv/httpsrv_supp.c:631:6:httpsrv_sendhdr	32	static
../lwip/src/apps/httpsrv/httpsrv_supp.c:748:6:httpsrv_send_err_page	48	static
../lwip/src/apps/httpsrv/httpsrv_supp.c:784:13:httpsrv_process_file_type	24	static
../lwip/src/apps/httpsrv/httpsrv_supp.c:845:19:httpsrv_sendfile	40	static
../lwip/src/apps/httpsrv/httpsrv_supp.c:927:17:httpsrv_sendextstr	96	static
../lwip/src/apps/httpsrv/httpsrv_supp.c:1026:9:httpsrv_write	40	static
../lwip/src/apps/httpsrv/httpsrv_supp.c:1089:9:httpsrv_read	48	static
../lwip/src/apps/httpsrv/httpsrv_supp.c:1139:14:httpsrv_get_table_str	24	static
../lwip/src/apps/httpsrv/httpsrv_supp.c:1164:13:httpsrv_print	36	static
../lwip/src/apps/httpsrv/httpsrv_supp.c:1204:9:httpsrv_ses_flush	32	static
../lwip/src/apps/httpsrv/httpsrv_supp.c:1245:9:httpsrv_req_line	40	static
../lwip/src/apps/httpsrv/httpsrv_supp.c:1318:9:httpsrv_req_hdr	40	static
../lwip/src/apps/httpsrv/httpsrv_supp.c:1482:34:httpsrv_req_realm	24	static
../lwip/src/apps/httpsrv/httpsrv_supp.c:1502:7:httpsrv_get_query	24	static
../lwip/src/apps/httpsrv/httpsrv_supp.c:1526:10:httpsrv_req_check	24	static
../lwip/src/apps/httpsrv/httpsrv_supp.c:1583:5:httpsrv_check_auth	24	static
../lwip/src/apps/httpsrv/httpsrv_supp.c:1608:6:httpsrv_url_decode	24	static
../lwip/src/apps/httpsrv/httpsrv_supp.c:1634:6:httpsrv_url_cleanup	24	static
../lwip/src/apps/httpsrv/httpsrv_supp.c:1657:12:httpsrv_basic_auth	48	static
../lwip/src/apps/httpsrv/httpsrv_supp.c:1711:7:httpsrv_path_create	40	static
../lwip/src/apps/httpsrv/httpsrv_supp.c:1766:12:httpsrv_get_table_int	24	static
../lwip/src/apps/httpsrv/httpsrv_supp.c:1777:7:httpsrv_mem_alloc_zero	24	static
