../lwip/src/core/ipv6/ip6_frag.c:129:1:ip6_reass_tmr	16	static
../lwip/src/core/ipv6/ip6_frag.c:178:1:ip6_reass_free_complete_datagram	80	static
../lwip/src/core/ipv6/ip6_frag.c:266:1:ip6_reass_remove_oldest_datagram	24	static
../lwip/src/core/ipv6/ip6_frag.c:302:1:ip6_reass	80	static
../lwip/src/core/ipv6/ip6_frag.c:728:1:ip6_frag_alloc_pbuf_custom_ref	8	static
../lwip/src/core/ipv6/ip6_frag.c:735:1:ip6_frag_free_pbuf_custom_ref	16	static
../lwip/src/core/ipv6/ip6_frag.c:744:1:ip6_frag_free_pbuf_custom	24	static
../lwip/src/core/ipv6/ip6_frag.c:769:1:ip6_frag	80	static
