../lwip/src/core/ipv6/mld6.c:112:11:mld6_get_data	16	static
../lwip/src/core/ipv6/mld6.c:117:11:mld6_get_or_alloc_data	24	static
../lwip/src/core/ipv6/mld6.c:143:1:mld6_stop	32	static
../lwip/src/core/ipv6/mld6.c:199:1:mld6_report_groups	24	static
../lwip/src/core/ipv6/mld6.c:223:1:mld6_lookfor_group	24	static
../lwip/src/core/ipv6/mld6.c:250:1:mld6_new_group	24	static
../lwip/src/core/ipv6/mld6.c:289:1:mld6_input	48	static
../lwip/src/core/ipv6/mld6.c:415:1:mld6_joingroup	24	static
../lwip/src/core/ipv6/mld6.c:447:1:mld6_joingroup_netif	40	static
../lwip/src/core/ipv6/mld6.c:515:1:mld6_leavegroup	32	static
../lwip/src/core/ipv6/mld6.c:548:1:mld6_leavegroup_netif	56	static
../lwip/src/core/ipv6/mld6.c:635:1:mld6_set_change_report_tmr	16	static
../lwip/src/core/ipv6/mld6.c:675:1:mld6_set_max_response_delay	24	static
../lwip/src/core/ipv6/mld6.c:693:1:mld6_set_general_report_tmr	24	static
../lwip/src/core/ipv6/mld6.c:727:1:mld6_tmr	16	static
../lwip/src/core/ipv6/mld6.c:792:1:mld6_report_change	24	static
../lwip/src/core/ipv6/mld6.c:823:1:mld6_group_to_packet	24	static
../lwip/src/core/ipv6/mld6.c:854:1:mld6_send	88	static
