../lwip/src/core/ipv6/nd6.c:179:1:nd6_duplicate_addr_detected	24	static
../lwip/src/core/ipv6/nd6.c:218:1:nd6_process_autoconfig_prefix	64	static
../lwip/src/core/ipv6/nd6.c:319:1:nd6_input	296	static
../lwip/src/core/ipv6/nd6.c:1094:1:nd6_tmr	24	static
../lwip/src/core/ipv6/nd6.c:1356:1:nd6_send_neighbor_cache_probe	16	static
../lwip/src/core/ipv6/nd6.c:1369:1:nd6_send_ns	64	static
../lwip/src/core/ipv6/nd6.c:1454:1:nd6_send_na	64	static
../lwip/src/core/ipv6/nd6.c:1529:1:nd6_send_rs	56	static
../lwip/src/core/ipv6/nd6.c:1864:1:nd6_find_neighbor_cache_entry	24	static
../lwip/src/core/ipv6/nd6.c:1885:1:nd6_new_neighbor_cache_entry	16	static
../lwip/src/core/ipv6/nd6.c:1992:1:nd6_free_neighbor_cache_entry	16	static
../lwip/src/core/ipv6/nd6.c:2023:1:nd6_find_destination_cache_entry	24	static
../lwip/src/core/ipv6/nd6.c:2045:1:nd6_new_destination_cache_entry	16	static
../lwip/src/core/ipv6/nd6.c:2076:1:nd6_clear_destination_cache	16	static
../lwip/src/core/ipv6/nd6.c:2093:1:nd6_is_prefix_in_netif	24	static
../lwip/src/core/ipv6/nd6.c:2130:13:nd6_better_route	16	static
../lwip/src/core/ipv6/nd6.c:2178:13:nd6_select_route	32	static
../lwip/src/core/ipv6/nd6.c:2251:1:nd6_find_route	24	static
../lwip/src/core/ipv6/nd6.c:2284:1:nd6_get_onlink_prefix	24	static
../lwip/src/core/ipv6/nd6.c:2308:1:nd6_new_onlink_prefix	24	static
../lwip/src/core/ipv6/nd6.c:2337:1:nd6_get_route	32	static
../lwip/src/core/ipv6/nd6.c:2366:1:nd6_new_route	32	static
../lwip/src/core/ipv6/nd6.c:2419:13:nd6_free_route	24	static
../lwip/src/core/ipv6/nd6.c:2466:1:nd6_get_next_hop_entry	24	static
../lwip/src/core/ipv6/nd6.c:2598:1:nd6_queue_packet	40	static
../lwip/src/core/ipv6/nd6.c:2707:1:nd6_free_q	24	static
../lwip/src/core/ipv6/nd6.c:2729:1:nd6_send_q	48	static
../lwip/src/core/ipv6/nd6.c:2801:1:nd6_get_next_hop_addr_or_queue	32	static
../lwip/src/core/ipv6/nd6.c:2842:1:nd6_get_destination_mtu	24	static
../lwip/src/core/ipv6/nd6.c:2872:1:nd6_reachability_hint	24	static
../lwip/src/core/ipv6/nd6.c:2918:1:nd6_cleanup_netif	24	static
../lwip/src/core/ipv6/nd6.c:2963:1:nd6_adjust_mld_membership	24	static
../lwip/src/core/ipv6/nd6.c:2990:1:nd6_restart_netif	16	static
