../lwip/src/apps/mdns/mdns_out.c:64:1:mdns_prepare_txtdata	16	static
../lwip/src/apps/mdns/mdns_out.c:85:1:mdns_add_question	32	static
../lwip/src/apps/mdns/mdns_out.c:154:1:mdns_add_answer	48	static
../lwip/src/apps/mdns/mdns_out.c:229:1:mdns_add_any_host_question	296	static
../lwip/src/apps/mdns/mdns_out.c:242:1:mdns_add_any_service_question	296	static
../lwip/src/apps/mdns/mdns_out.c:256:1:mdns_add_a_answer	328	static
../lwip/src/apps/mdns/mdns_out.c:287:1:mdns_add_hostv4_ptr_answer	576	static
../lwip/src/apps/mdns/mdns_out.c:320:1:mdns_add_aaaa_answer	328	static
../lwip/src/apps/mdns/mdns_out.c:351:1:mdns_add_hostv6_ptr_answer	584	static
../lwip/src/apps/mdns/mdns_out.c:383:1:mdns_add_servicetype_ptr_answer	576	static
../lwip/src/apps/mdns/mdns_out.c:414:1:mdns_add_servicename_ptr_answer	576	static
../lwip/src/apps/mdns/mdns_out.c:445:1:mdns_add_srv_answer	592	static
../lwip/src/apps/mdns/mdns_out.c:486:1:mdns_add_txt_answer	328	static
../lwip/src/apps/mdns/mdns_out.c:518:1:mdns_add_probe_questions_to_outpacket	40	static
../lwip/src/apps/mdns/mdns_out.c:552:1:mdns_add_query_question_to_outpacket	296	static
../lwip/src/apps/mdns/mdns_out.c:579:1:mdns_create_outpacket	64	static
../lwip/src/apps/mdns/mdns_out.c:764:1:mdns_send_outpacket	88	static
../lwip/src/apps/mdns/mdns_out.c:814:1:mdns_multicast_timeout_reset_ipv4	24	static
../lwip/src/apps/mdns/mdns_out.c:831:1:mdns_multicast_probe_timeout_reset_ipv4	32	static
../lwip/src/apps/mdns/mdns_out.c:862:1:mdns_multicast_timeout_25ttl_reset_ipv4	24	static
../lwip/src/apps/mdns/mdns_out.c:878:1:mdns_send_multicast_msg_delayed_ipv4	32	static
../lwip/src/apps/mdns/mdns_out.c:902:1:mdns_send_unicast_msg_delayed_ipv4	32	static
../lwip/src/apps/mdns/mdns_out.c:928:1:mdns_start_multicast_timeouts_ipv4	24	static
../lwip/src/apps/mdns/mdns_out.c:952:1:mdns_stop_multicast_timeouts_ipv4	24	static
../lwip/src/apps/mdns/mdns_out.c:975:1:mdns_multicast_timeout_reset_ipv6	24	static
../lwip/src/apps/mdns/mdns_out.c:992:1:mdns_multicast_probe_timeout_reset_ipv6	32	static
../lwip/src/apps/mdns/mdns_out.c:1023:1:mdns_multicast_timeout_25ttl_reset_ipv6	24	static
../lwip/src/apps/mdns/mdns_out.c:1039:1:mdns_send_multicast_msg_delayed_ipv6	32	static
../lwip/src/apps/mdns/mdns_out.c:1063:1:mdns_send_unicast_msg_delayed_ipv6	32	static
../lwip/src/apps/mdns/mdns_out.c:1089:1:mdns_start_multicast_timeouts_ipv6	24	static
../lwip/src/apps/mdns/mdns_out.c:1113:1:mdns_stop_multicast_timeouts_ipv6	24	static
../lwip/src/apps/mdns/mdns_out.c:1137:1:mdns_clear_outmsg	24	static
../lwip/src/apps/mdns/mdns_out.c:1168:1:mdns_set_timeout	24	static
../lwip/src/apps/mdns/mdns_out.c:1192:1:mdns_stop_timeout	24	static
../lwip/src/apps/mdns/mdns_out.c:1210:1:mdns_send_request	72	static
