../lwip/src/apps/mdns/mdns.c:223:1:netif_mdns_data	16	static
../lwip/src/apps/mdns/mdns.c:233:1:get_mdns_pcb	4	static
../lwip/src/apps/mdns/mdns.c:247:1:check_host	296	static
../lwip/src/apps/mdns/mdns.c:314:1:check_service	288	static
../lwip/src/apps/mdns/mdns.c:361:1:check_request	288	static
../lwip/src/apps/mdns/mdns.c:401:1:mdns_read_rr_info	24	static
../lwip/src/apps/mdns/mdns.c:435:1:mdns_read_question	24	static
../lwip/src/apps/mdns/mdns.c:471:1:mdns_read_answer	40	static
../lwip/src/apps/mdns/mdns.c:527:1:mdns_announce	72	static
../lwip/src/apps/mdns/mdns.c:576:1:mdns_lexicographical_comparison	568	static
../lwip/src/apps/mdns/mdns.c:717:1:mdns_init_answer_list	24	static
../lwip/src/apps/mdns/mdns.c:738:1:mdns_push_answer_to_sorted_list	344	static
../lwip/src/apps/mdns/mdns.c:795:1:mdns_is_answer_to_question	16	static
../lwip/src/apps/mdns/mdns.c:813:1:mdns_convert_out_to_in_pkt	16	static
../lwip/src/apps/mdns/mdns.c:831:1:mdns_debug_print_answer	240	static
../lwip/src/apps/mdns/mdns.c:858:1:mdns_handle_probe_tiebreaking	1576	static
../lwip/src/apps/mdns/mdns.c:1076:1:mdns_parse_pkt_questions	312	static
../lwip/src/apps/mdns/mdns.c:1125:1:mdns_parse_pkt_known_answers	872	static
../lwip/src/apps/mdns/mdns.c:1298:1:mdns_parse_pkt_authoritative_answers	336	static
../lwip/src/apps/mdns/mdns.c:1358:1:mdns_add_msg_to_delayed	24	static
../lwip/src/apps/mdns/mdns.c:1388:1:mdns_handle_question	88	static
../lwip/src/apps/mdns/mdns.c:1704:1:mdns_handle_tc_question	32	static
../lwip/src/apps/mdns/mdns.c:1740:1:mdns_stop_tc_question_timeouts	40	static
../lwip/src/apps/mdns/mdns.c:1788:1:mdns_conflict_save_time	40	static
../lwip/src/apps/mdns/mdns.c:1828:1:mdns_probe_conflict	16	static
../lwip/src/apps/mdns/mdns.c:1848:1:mdns_lookup_request	24	static
../lwip/src/apps/mdns/mdns.c:1871:1:mdns_handle_response	1152	static
../lwip/src/apps/mdns/mdns.c:2128:1:mdns_recv	120	static
../lwip/src/apps/mdns/mdns.c:2249:1:mdns_netif_ext_status_callback	24	static
../lwip/src/apps/mdns/mdns.c:2278:1:mdns_define_probe_rrs_to_send	32	static
../lwip/src/apps/mdns/mdns.c:2319:1:mdns_send_probe	64	static
../lwip/src/apps/mdns/mdns.c:2335:1:mdns_probe_and_announce	32	static
../lwip/src/apps/mdns/mdns.c:2417:1:mdns_resp_add_netif	32	static
../lwip/src/apps/mdns/mdns.c:2479:1:mdns_resp_remove_netif	32	static
../lwip/src/apps/mdns/mdns.c:2534:1:mdns_resp_rename_netif	24	static
../lwip/src/apps/mdns/mdns.c:2561:1:mdns_resp_netif_active	16	static
../lwip/src/apps/mdns/mdns.c:2581:1:mdns_resp_add_service	48	static
../lwip/src/apps/mdns/mdns.c:2628:1:mdns_resp_del_service	24	static
../lwip/src/apps/mdns/mdns.c:2653:1:mdns_resp_rename_service	40	static
../lwip/src/apps/mdns/mdns.c:2688:1:mdns_resp_add_service_txtitem	24	static
../lwip/src/apps/mdns/mdns.c:2704:1:mdns_search_stop	24	static
../lwip/src/apps/mdns/mdns.c:2729:1:mdns_search_service	40	static
../lwip/src/apps/mdns/mdns.c:2783:1:mdns_resp_announce	24	static
../lwip/src/apps/mdns/mdns.c:2814:1:mdns_resp_register_name_result_cb	16	static
../lwip/src/apps/mdns/mdns.c:2827:1:mdns_resp_restart_delay	24	static
../lwip/src/apps/mdns/mdns.c:2863:1:mdns_resp_restart	16	static
../lwip/src/apps/mdns/mdns.c:2873:1:mdns_resp_init	16	static
../lwip/src/apps/mdns/mdns.c:2908:7:mdns_get_service_txt_userdata	24	static
