../lwip/src/apps/mdns/mdns_domain.c:81:1:mdns_domain_add_label_base	16	static
../lwip/src/apps/mdns/mdns_domain.c:106:1:mdns_domain_add_label	32	static
../lwip/src/apps/mdns/mdns_domain.c:123:1:mdns_domain_add_label_pbuf	32	static
../lwip/src/apps/mdns/mdns_domain.c:147:1:mdns_domain_add_domain	24	static
../lwip/src/apps/mdns/mdns_domain.c:176:1:mdns_domain_add_string	32	static
../lwip/src/apps/mdns/mdns_domain.c:205:1:mdns_readname_loop	40	static
../lwip/src/apps/mdns/mdns_domain.c:271:1:mdns_readname	24	static
../lwip/src/apps/mdns/mdns_domain.c:282:1:mdns_domain_debug_print	24	static
../lwip/src/apps/mdns/mdns_domain.c:305:1:mdns_domain_eq	32	static
../lwip/src/apps/mdns/mdns_domain.c:346:1:mdns_build_reverse_v4_domain	32	static
../lwip/src/apps/mdns/mdns_domain.c:387:1:mdns_build_reverse_v6_domain	40	static
../lwip/src/apps/mdns/mdns_domain.c:428:1:mdns_add_dotlocal	24	static
../lwip/src/apps/mdns/mdns_domain.c:443:1:mdns_build_host_domain	32	static
../lwip/src/apps/mdns/mdns_domain.c:462:1:mdns_build_dnssd_domain	32	static
../lwip/src/apps/mdns/mdns_domain.c:488:1:mdns_build_service_domain	40	static
../lwip/src/apps/mdns/mdns_domain.c:517:1:mdns_build_request_domain	40	static
../lwip/src/apps/mdns/mdns_domain.c:546:1:mdns_compress_domain	304	static
../lwip/src/apps/mdns/mdns_domain.c:595:1:mdns_write_domain	32	static
