C:\Users\fcoda\Documents\MCUXpressoIDE_25.6.136\workspace\frdmrw612_wifi_mqtt\drivers/fsl_common_arm.h:908:24:DisableGlobalIRQ	16	static
C:\Users\fcoda\Documents\MCUXpressoIDE_25.6.136\workspace\frdmrw612_wifi_mqtt\drivers/fsl_common_arm.h:934:20:EnableGlobalIRQ	24	static
../utilities/fsl_shell.h:332:24:SHELL_checkRunningInIsr	4	static
../utilities/fsl_shell.c:271:13:SHELL_WriteBuffer	32	static
../utilities/fsl_shell.c:305:12:SHELL_Sprintf	32	static
../utilities/fsl_shell.c:316:13:SHELL_hisOperation	16	static
../utilities/fsl_shell.c:359:13:SHELL_SerialManagerHandle	16	static
../utilities/fsl_shell.c:375:13:SHELL_MoveCursorToBeginningLine	24	static
../utilities/fsl_shell.c:393:13:SHELL_HandleBackspaceKey	32	static
../utilities/fsl_shell.c:427:13:SHELL_HandleNormalChar	32	static
../utilities/fsl_shell.c:455:13:SHELL_HandleInputTooLong	16	static
../utilities/fsl_shell.c:466:6:SHELL_Task	40	static
../utilities/fsl_shell.c:630:23:SHELL_HelpCommand	48	static
../utilities/fsl_shell.c:650:23:SHELL_ExitCommand	32	static
../utilities/fsl_shell.c:659:13:SHELL_ProcessCommand	304	static
../utilities/fsl_shell.c:777:13:SHELL_GetHistoryCommand	32	static
../utilities/fsl_shell.c:814:13:SHELL_AutoComplete	48	static
../utilities/fsl_shell.c:862:16:SHELL_StringCompare	24	static
../utilities/fsl_shell.c:874:16:SHELL_ParseLine	40	static
../utilities/fsl_shell.c:935:23:SHELL_GetChar	24	static
../utilities/fsl_shell.c:978:16:SHELL_Init	32	static
../utilities/fsl_shell.c:1064:16:SHELL_RegisterCommand	24	static
../utilities/fsl_shell.c:1078:16:SHELL_UnregisterCommand	16	static
../utilities/fsl_shell.c:1090:16:SHELL_Write	40	static
../utilities/fsl_shell.c:1135:5:SHELL_Printf	36	static
../utilities/fsl_shell.c:1180:16:SHELL_WriteSynchronization	32	static
../utilities/fsl_shell.c:1194:5:SHELL_PrintfSynchronization	36	static
../utilities/fsl_shell.c:1215:6:SHELL_ChangePrompt	24	static
../utilities/fsl_shell.c:1227:6:SHELL_PrintPrompt	32	static
