../wifi/port/net/net.c:109:13:netif_ext_status_callback	24	static
../wifi/port/net/net.c:133:7:ipv6_addr_state_to_desc	16	static
../wifi/port/net/net.c:157:7:ipv6_addr_addr_to_desc	40	static
../wifi/port/net/net.c:166:7:ipv6_addr_type_to_desc	40	static
../wifi/port/net/net.c:195:5:net_dhcp_hostname_set	16	static
../wifi/port/net/net.c:202:13:tcpip_init_done_cb	24	static
../wifi/port/net/net.c:213:6:net_ipv4stack_init	16	static
../wifi/port/net/net.c:240:6:net_ipv6stack_init	16	static
../wifi/port/net/net.c:249:13:wm_netif_ipv6_status_callback	16	static
../wifi/port/net/net.c:258:6:net_wlan_set_mac_address	24	static
../wifi/port/net/net.c:282:5:net_wlan_init	40	static
../wifi/port/net/net.c:368:15:net_get_sta_interface	4	static
../wifi/port/net/net.c:374:15:net_get_uap_interface	4	static
../wifi/port/net/net.c:387:5:net_get_if_name_netif	32	static
../wifi/port/net/net.c:405:12:net_netif_deinit	40	static
../wifi/port/net/net.c:433:5:net_wlan_deinit	16	static
../wifi/port/net/net.c:487:13:wm_netif_status_callback	24	static
../wifi/port/net/net.c:566:6:net_stop_dhcp_timer	8	static
../wifi/port/net/net.c:571:13:stop_cb	24	static
../wifi/port/net/net.c:585:13:dhcp_timer_cb	16	static
../wifi/port/net/net.c:592:12:check_iface_mask	24	static
../wifi/port/net/net.c:607:14:net_ip_to_interface	24	static
../wifi/port/net/net.c:635:7:net_sock_to_interface	48	static
../wifi/port/net/net.c:652:7:net_get_sta_handle	4	static
../wifi/port/net/net.c:658:7:net_get_uap_handle	4	static
../wifi/port/net/net.c:671:5:net_alloc_client_data_id	16	static
../wifi/port/net/net.c:684:6:net_interface_up	24	static
../wifi/port/net/net.c:690:6:net_interface_down	24	static
../wifi/port/net/net.c:696:6:net_interface_dhcp_stop	24	static
../wifi/port/net/net.c:703:6:net_interface_dhcp_cleanup	24	static
../wifi/port/net/net.c:709:5:net_configure_address	24	static
../wifi/port/net/net.c:843:5:net_get_if_addr	24	static
../wifi/port/net/net.c:861:5:net_get_if_ipv6_addr	24	static
../wifi/port/net/net.c:875:5:net_get_if_ipv6_pref_addr	32	static
../wifi/port/net/net.c:891:5:net_get_if_name	32	static
../wifi/port/net/net.c:910:5:net_get_if_ip_addr	24	static
../wifi/port/net/net.c:918:5:net_get_if_ip_mask	24	static
../wifi/port/net/net.c:926:6:net_configure_dns	24	static
../wifi/port/net/net.c:953:6:net_stat	8	static
