C:\Users\fcoda\Documents\MCUXpressoIDE_25.6.136\workspace\frdmrw612_wifi_mqtt\wifi\wifidriver\incl/mlan_main.h:3055:14:wlan_strlen	24	static
../wifi/wifidriver/mlan_11k.c:34:13:wlan_rrm_rssi_to_rcpi	24	static
../wifi/wifidriver/mlan_11k.c:59:13:wlan_rrm_put_le64	24	static
../wifi/wifidriver/mlan_11k.c:71:13:wlan_rrm_put_le16	16	static
../wifi/wifidriver/mlan_11k.c:77:13:wlan_rrm_bit_field_set	16	static
../wifi/wifidriver/mlan_11k.c:87:13:wlan_rrm_bit_field_is_set	16	static
../wifi/wifidriver/mlan_11k.c:101:13:wlan_link_measurement_get_tx_power	32	static
../wifi/wifidriver/mlan_11k.c:117:12:wlan_process_rm_beacon_req_subelement	32	static
../wifi/wifidriver/mlan_11k.c:212:13:wlan_process_rm_beacon_report_table	56	static
../wifi/wifidriver/mlan_11k.c:295:6:wlan_rrm_matched_ap_found	16	static
../wifi/wifidriver/mlan_11k.c:312:13:wlan_process_rm_beacon_req	168	static
../wifi/wifidriver/mlan_11k.c:445:6:wlan_add_rm_beacon_report	88	static
../wifi/wifidriver/mlan_11k.c:682:6:wlan_send_mgmt_rm_beacon_report	56	static
../wifi/wifidriver/mlan_11k.c:731:6:wlan_process_radio_measurement_request	64	static
../wifi/wifidriver/mlan_11k.c:781:13:wlan_send_mgmt_link_measurement_report	56	static
../wifi/wifidriver/mlan_11k.c:829:6:wlan_process_link_measurement_request	72	static
../wifi/wifidriver/mlan_11k.c:916:13:wifi_find_in_channels	24	static
../wifi/wifidriver/mlan_11k.c:929:6:wlan_process_neighbor_report_response	40	static
../wifi/wifidriver/mlan_11k.c:1036:6:wlan_dot11k_formatRrmCapabilities	16	static
../wifi/wifidriver/mlan_11k.c:1054:5:wlan_send_mgmt_rm_neighbor_request	56	static
