../wifi/wifidriver/mlan_sta_ioctl.c:48:20:wlan_snmp_mib_ioctl	48	static
../wifi/wifidriver/mlan_sta_ioctl.c:115:20:wlan_radio_ioctl_band_cfg	32	static
../wifi/wifidriver/mlan_sta_ioctl.c:200:20:wlan_radio_ioctl	24	static
../wifi/wifidriver/mlan_sta_ioctl.c:241:20:wlan_bss_ioctl_start	40	static
../wifi/wifidriver/mlan_sta_ioctl.c:329:20:wlan_bss_ioctl	24	static
../wifi/wifidriver/mlan_sta_ioctl.c:376:20:wlan_rate_ioctl	24	static
../wifi/wifidriver/mlan_sta_ioctl.c:416:20:wlan_power_ioctl_get_power	40	static
../wifi/wifidriver/mlan_sta_ioctl.c:445:20:wlan_power_ioctl_set_power	72	static
../wifi/wifidriver/mlan_sta_ioctl.c:553:12:wlan_get_modulation_class	16	static
../wifi/wifidriver/mlan_sta_ioctl.c:588:20:wlan_power_ioctl_set_power_ext	88	static
../wifi/wifidriver/mlan_sta_ioctl.c:709:20:wlan_power_ioctl	24	static
../wifi/wifidriver/mlan_sta_ioctl.c:766:20:wlan_wmm_ioctl_qos	32	static
../wifi/wifidriver/mlan_sta_ioctl.c:800:20:wlan_wmm_cfg_ioctl	24	static
../wifi/wifidriver/mlan_sta_ioctl.c:839:6:wlan_get_random_charactor	32	static
../wifi/wifidriver/mlan_sta_ioctl.c:878:20:wlan_sec_ioctl_set_wpa_key	40	static
../wifi/wifidriver/mlan_sta_ioctl.c:966:20:wlan_sec_ioctl_encrypt_key	24	static
../wifi/wifidriver/mlan_sta_ioctl.c:999:20:wlan_sec_ioctl_passphrase	40	static
../wifi/wifidriver/mlan_sta_ioctl.c:1058:20:wlan_sec_ioctl_password	40	static
../wifi/wifidriver/mlan_sta_ioctl.c:1118:20:wlan_sec_cfg_ioctl	24	static
../wifi/wifidriver/mlan_sta_ioctl.c:1164:13:wlan_11d_cfg_ioctl	32	static
../wifi/wifidriver/mlan_sta_ioctl.c:1267:26:wlan_misc_ioctl_region	32	static
../wifi/wifidriver/mlan_sta_ioctl.c:1378:13:wlan_misc_ioctl_subscribe_evt	40	static
../wifi/wifidriver/mlan_sta_ioctl.c:1417:20:wlan_misc_cfg_ioctl	24	static
../wifi/wifidriver/mlan_sta_ioctl.c:1502:13:wlan_ops_sta_ioctl	32	static
