C:\Users\fcoda\Documents\MCUXpressoIDE_25.6.136\workspace\frdmrw612_wifi_mqtt\wifi\incl\wlcmgr/wlan.h:5141:20:print_mac	40	static
C:\Users\fcoda\Documents\MCUXpressoIDE_25.6.136\workspace\frdmrw612_wifi_mqtt\wifi\wifidriver\incl/mlan_util.h:108:33:util_peek_list	32	static
C:\Users\fcoda\Documents\MCUXpressoIDE_25.6.136\workspace\frdmrw612_wifi_mqtt\wifi\wifidriver\incl/mlan_wmm.h:73:22:wlan_request_ralist_lock	16	static
C:\Users\fcoda\Documents\MCUXpressoIDE_25.6.136\workspace\frdmrw612_wifi_mqtt\wifi\wifidriver\incl/mlan_wmm.h:91:22:wlan_release_ralist_lock	16	static
../wifi/wifidriver/mlan_glue.c:173:14:wifi_11n_save_request	24	static
../wifi/wifidriver/mlan_glue.c:192:6:wrapper_deliver_amsdu_subframe	32	static
../wifi/wifidriver/mlan_glue.c:201:20:wrapper_moal_recv_packet	24	static
../wifi/wifidriver/mlan_glue.c:242:9:wrapper_moal_memcpy_ext	32	static
../wifi/wifidriver/mlan_glue.c:252:20:wrapper_moal_init_timer	40	static
../wifi/wifidriver/mlan_glue.c:290:20:wrapper_moal_start_timer	32	static
../wifi/wifidriver/mlan_glue.c:323:20:wrapper_moal_reset_timer	24	static
../wifi/wifidriver/mlan_glue.c:338:20:wrapper_moal_stop_timer	24	static
../wifi/wifidriver/mlan_glue.c:353:20:wrapper_moal_free_timer	24	static
../wifi/wifidriver/mlan_glue.c:367:20:wrapper_moal_init_lock	16	static
../wifi/wifidriver/mlan_glue.c:376:20:wrapper_moal_free_lock	16	static
../wifi/wifidriver/mlan_glue.c:385:20:wrapper_moal_spin_lock	16	static
../wifi/wifidriver/mlan_glue.c:394:20:wrapper_moal_spin_unlock	16	static
../wifi/wifidriver/mlan_glue.c:404:20:wrapper_moal_init_semaphore	24	static
../wifi/wifidriver/mlan_glue.c:416:20:wrapper_moal_free_semaphore	16	static
../wifi/wifidriver/mlan_glue.c:427:20:wrapper_moal_semaphore_get	16	static
../wifi/wifidriver/mlan_glue.c:438:20:wrapper_moal_semaphore_put	16	static
../wifi/wifidriver/mlan_glue.c:470:5:mlan_subsys_init	8	static
../wifi/wifidriver/mlan_glue.c:522:5:mlan_subsys_deinit	8	static
../wifi/wifidriver/mlan_glue.c:534:5:wrapper_wlan_cmd_11n_addba_rspgen	24	static
../wifi/wifidriver/mlan_glue.c:582:5:wrapper_wlan_cmd_11n_ba_stream_timeout	24	static
../wifi/wifidriver/mlan_glue.c:597:5:wrapper_wlan_cmd_11n_delba_rspgen	24	static
../wifi/wifidriver/mlan_glue.c:613:6:wrapper_wlan_update_uap_rxrate_info	24	static
../wifi/wifidriver/mlan_glue.c:625:5:wrapper_wlan_uap_ampdu_enable	32	static
../wifi/wifidriver/mlan_glue.c:702:20:do_wlan_ret_11n_addba_resp	32	static
../wifi/wifidriver/mlan_glue.c:720:20:do_wlan_ret_11n_addba_req	32	static
../wifi/wifidriver/mlan_glue.c:792:20:do_wlan_ret_11n_delba	32	static
../wifi/wifidriver/mlan_glue.c:814:5:wrapper_wlan_sta_ampdu_enable	40	static
../wifi/wifidriver/mlan_glue.c:913:5:wrapper_wlan_11d_enable	40	static
../wifi/wifidriver/mlan_glue.c:930:5:wrapper_wlan_uap_11d_enable	40	static
../wifi/wifidriver/mlan_glue.c:947:5:wifi_11h_enable	32	static
../wifi/wifidriver/mlan_glue.c:964:5:wrapper_wlan_ecsa_enable	32	static
../wifi/wifidriver/mlan_glue.c:988:5:wrapper_wlan_cmd_get_hw_spec	16	static
../wifi/wifidriver/mlan_glue.c:1000:13:wrapper_wlan_cmd_mgmt_ie	1184	static
../wifi/wifidriver/mlan_glue.c:1038:5:wrapper_wlan_handle_rx_packet	32	static
../wifi/wifidriver/mlan_glue.c:1154:6:register_monitor_user_callback	16	static
../wifi/wifidriver/mlan_glue.c:1159:6:deregister_monitor_user_callback	4	static
../wifi/wifidriver/mlan_glue.c:1164:6:set_monitor_flag	16	static
../wifi/wifidriver/mlan_glue.c:1169:6:get_monitor_flag	4	static
../wifi/wifidriver/mlan_glue.c:1174:6:user_recv_monitor_data	32	static
../wifi/wifidriver/mlan_glue.c:1217:6:wrapper_wlan_cmd_11n_cfg	24	static
../wifi/wifidriver/mlan_glue.c:1233:6:set_event_chanswann	4	static
../wifi/wifidriver/mlan_glue.c:1238:6:clear_event_chanswann	4	static
../wifi/wifidriver/mlan_glue.c:1243:6:wrapper_wlan_11d_clear_parsedtable	16	static
../wifi/wifidriver/mlan_glue.c:1262:6:wrapper_clear_media_connected_event	16	static
../wifi/wifidriver/mlan_glue.c:1268:13:wifi_prepare_and_send_cmd	56	static
../wifi/wifidriver/mlan_glue.c:1320:6:wmsdk_is_11N_enabled	4	static
../wifi/wifidriver/mlan_glue.c:1329:18:wifi_send_bss_ioctl	56	static
../wifi/wifidriver/mlan_glue.c:1354:5:wrapper_get_wpa_ie_in_assoc	24	static
../wifi/wifidriver/mlan_glue.c:1364:12:wifi_send_11n_cfg_ioctl	56	static
../wifi/wifidriver/mlan_glue.c:1385:12:wifi_send_uap_11n_cfg_ioctl	56	static
../wifi/wifidriver/mlan_glue.c:1406:5:wifi_set_txbfcap	40	static
../wifi/wifidriver/mlan_glue.c:1418:5:wifi_set_htcapinfo	40	static
../wifi/wifidriver/mlan_glue.c:1435:5:wifi_set_httxcfg	40	static
../wifi/wifidriver/mlan_glue.c:1452:5:wifi_uap_set_httxcfg_int	40	static
../wifi/wifidriver/mlan_glue.c:1470:12:wifi_send_tx_power_cfg_ioctl	56	static
../wifi/wifidriver/mlan_glue.c:1491:5:wifi_set_tx_power	536	static
../wifi/wifidriver/mlan_glue.c:1504:5:wifi_set_tx_power_ext	536	static
../wifi/wifidriver/mlan_glue.c:1517:5:wifi_get_tx_power	576	static
../wifi/wifidriver/mlan_glue.c:1540:12:wifi_send_tx_rate_cfg_ioctl	56	static
../wifi/wifidriver/mlan_glue.c:1586:5:wifi_set_txratecfg	88	static
../wifi/wifidriver/mlan_glue.c:1634:5:wifi_get_txratecfg	104	static
../wifi/wifidriver/mlan_glue.c:1669:7:wifi_get_ie	48	static
../wifi/wifidriver/mlan_glue.c:1714:6:wifi_io_dump_hex	16	static
../wifi/wifidriver/mlan_glue.c:1722:5:wlan_set_uap_coutry_regd_by_conn_bss	96	static
../wifi/wifidriver/mlan_glue.c:1906:6:wrapper_wlan_11d_support_is_enabled	16	static
../wifi/wifidriver/mlan_glue.c:1933:14:wifi_rsn_to_key_map	32	static
../wifi/wifidriver/mlan_glue.c:1989:13:wifi_assoc_clear_rsn_sae_suite	32	static
../wifi/wifidriver/mlan_glue.c:2019:13:wifi_assoc_rsno_2_rsn	32	static
../wifi/wifidriver/mlan_glue.c:2040:12:wifi_assoc_pick_security_ie	40	static
../wifi/wifidriver/mlan_glue.c:2192:5:wrapper_wifi_assoc	1176	static
../wifi/wifidriver/mlan_glue.c:3011:13:compute_rssi_values	16	static
../wifi/wifidriver/mlan_glue.c:3032:13:wifi_set_hostcmd_resp	24	static
../wifi/wifidriver/mlan_glue.c:3054:13:load_bss_list	40	static
../wifi/wifidriver/mlan_glue.c:3114:13:load_ver_ext	24	static
../wifi/wifidriver/mlan_glue.c:3130:5:wifi_process_cmd_response	408	static
../wifi/wifidriver/mlan_glue.c:4996:7:wlan_get_specific_ie	40	static
../wifi/wifidriver/mlan_glue.c:5064:13:wrapper_wlan_check_sta_capability	80	static
../wifi/wifidriver/mlan_glue.c:5199:13:wrapper_wlan_check_uap_capability	32	static
../wifi/wifidriver/mlan_glue.c:5300:20:wifi_wmm_queue_lock	16	static
../wifi/wifidriver/mlan_glue.c:5305:20:wifi_wmm_queue_unlock	16	static
../wifi/wifidriver/mlan_glue.c:5310:20:wifi_wmm_trigger_tx	16	static
../wifi/wifidriver/mlan_glue.c:5318:6:wifi_sta_handle_event_data_pause	48	static
../wifi/wifidriver/mlan_glue.c:5366:6:wifi_uap_handle_event_data_pause	32	static
../wifi/wifidriver/mlan_glue.c:5400:6:wifi_handle_event_data_pause	48	static
../wifi/wifidriver/mlan_glue.c:5491:13:wifi_handle_event_tx_status_report	16	static
../wifi/wifidriver/mlan_glue.c:5514:13:wifi_handle_blocked_sta_report	32	static
../wifi/wifidriver/mlan_glue.c:5553:5:wifi_request_bgscan	40	static
../wifi/wifidriver/mlan_glue.c:5567:5:wifi_set_rssi_low_threshold	88	static
../wifi/wifidriver/mlan_glue.c:5593:5:wifi_request_bgscan_query	40	static
../wifi/wifidriver/mlan_glue.c:5605:5:wifi_config_bgscan_and_rssi	32	static
../wifi/wifidriver/mlan_glue.c:5668:13:wifi_stop_bgscan	16	static
../wifi/wifidriver/mlan_glue.c:5684:5:wifi_handle_fw_event	96	static
../wifi/wifidriver/mlan_glue.c:6502:13:process_rsn_ie	80	static
../wifi/wifidriver/mlan_glue.c:6702:13:process_wpa_ie	72	static
../wifi/wifidriver/mlan_glue.c:6835:5:wrapper_bssdesc_first_set	40	static
../wifi/wifidriver/mlan_glue.c:6988:5:wrapper_bssdesc_second_set	32	static
../wifi/wifidriver/mlan_glue.c:7144:5:wifi_get_scan_result_count	16	static
../wifi/wifidriver/mlan_glue.c:7155:5:wrapper_wlan_set_regiontable	24	static
../wifi/wifidriver/mlan_glue.c:7170:6:wifi_scan_process_results	16	static
../wifi/wifidriver/mlan_glue.c:7200:6:check_for_wpa2_entp_ie	32	static
../wifi/wifidriver/mlan_glue.c:7247:6:wifi_get_value1_from_cmdresp	16	static
../wifi/wifidriver/mlan_glue.c:7258:6:wifi_get_mac_address_from_cmdresp	16	static
../wifi/wifidriver/mlan_glue.c:7263:6:wifi_get_firmware_ver_ext_from_cmdresp	40	static
../wifi/wifidriver/mlan_glue.c:7323:6:wifi_prepare_set_cal_data_cmd	16	static
../wifi/wifidriver/mlan_glue.c:7347:5:wifi_set_region_power_cfg	40	static
../wifi/wifidriver/mlan_glue.c:7364:6:wifi_prepare_get_hw_spec_cmd	16	static
../wifi/wifidriver/mlan_glue.c:7372:6:wifi_prepare_reconfigure_tx_buf_cmd	16	static
../wifi/wifidriver/mlan_glue.c:7386:6:wifi_prepare_get_mac_addr_cmd	16	static
../wifi/wifidriver/mlan_glue.c:7395:6:wifi_prepare_get_fw_ver_ext_cmd	24	static
../wifi/wifidriver/mlan_glue.c:7404:6:wifi_prepare_get_value1	16	static
../wifi/wifidriver/mlan_glue.c:7416:6:wifi_prepare_set_mac_addr_cmd	16	static
../wifi/wifidriver/mlan_glue.c:7438:6:wifi_prepare_enable_amsdu_cmd	16	static
../wifi/wifidriver/mlan_glue.c:7463:6:wlan_prepare_mac_control_cmd	16	static
../wifi/wifidriver/mlan_glue.c:7480:6:wifi_set_cal_data	16	static
../wifi/wifidriver/mlan_glue.c:7487:6:wifi_set_mac_addr	16	static
../wifi/wifidriver/mlan_glue.c:7493:6:_wifi_set_mac_addr	40	static
../wifi/wifidriver/mlan_glue.c:7547:6:wifi_check_no_packet_indication	16	static
../wifi/wifidriver/mlan_glue.c:7562:6:wifi_check_last_packet_indication	16	static
../wifi/wifidriver/mlan_glue.c:7570:6:wifi_exit_uapsd_mode	16	static
../wifi/wifidriver/mlan_glue.c:7580:5:wifi_wmm_qos_cfg	400	static
../wifi/wifidriver/mlan_glue.c:7606:5:wifi_sleep_period	120	static
../wifi/wifidriver/mlan_glue.c:7698:5:wifi_set_txrx_histogram	48	static
../wifi/wifidriver/mlan_glue.c:7727:5:wifi_set_get_rx_abort_cfg	40	static
../wifi/wifidriver/mlan_glue.c:7740:5:wifi_set_get_rx_abort_cfg_ext	40	static
../wifi/wifidriver/mlan_glue.c:7755:5:wifi_set_get_cck_desense_cfg	40	static
../wifi/wifidriver/mlan_glue.c:7776:5:wifi_config_roaming	24	static
../wifi/wifidriver/mlan_glue.c:7806:5:wifi_set_11ax_tx_omi	88	static
../wifi/wifidriver/mlan_glue.c:7852:5:wifi_set_11ax_tol_time	80	static
../wifi/wifidriver/mlan_glue.c:7878:5:wifi_set_11ax_rutxpowerlimit	40	static
../wifi/wifidriver/mlan_glue.c:7916:5:wifi_set_11ax_rutxpowerlimit_legacy	48	static
../wifi/wifidriver/mlan_glue.c:7957:5:wifi_get_11ax_rutxpowerlimit_legacy	32	static
../wifi/wifidriver/mlan_glue.c:7981:5:wifi_set_11ax_cfg	32	static
../wifi/wifidriver/mlan_glue.c:7990:5:wifi_set_btwt_cfg	112	static
../wifi/wifidriver/mlan_glue.c:8025:5:wifi_get_btwt_cfg	112	static
../wifi/wifidriver/mlan_glue.c:8050:5:wifi_set_twt_setup_cfg	120	static
../wifi/wifidriver/mlan_glue.c:8098:5:wifi_set_twt_teardown_cfg	104	static
../wifi/wifidriver/mlan_glue.c:8117:5:wifi_get_twt_report	104	static
../wifi/wifidriver/mlan_glue.c:8135:5:wifi_twt_information	112	static
../wifi/wifidriver/mlan_glue.c:8182:5:wifi_set_clocksync_cfg	64	static
../wifi/wifidriver/mlan_glue.c:8234:5:wifi_get_tsf_info	64	static
../wifi/wifidriver/mlan_glue.c:8283:13:wifi_wmm_tx_stats_dump_ralist	48	static
../wifi/wifidriver/mlan_glue.c:8297:6:wifi_wmm_tx_stats_dump	40	static
../wifi/wifidriver/mlan_glue.c:8553:5:wifi_subscribe_event_submit	40	static
../wifi/wifidriver/mlan_glue.c:8587:5:wifi_get_subscribe_event	16	static
../wifi/wifidriver/mlan_glue.c:8605:5:wifi_clear_subscribe_event	64	static
../wifi/wifidriver/mlan_glue.c:8616:5:wifi_set_threshold_rssi_low	72	static
../wifi/wifidriver/mlan_glue.c:8627:5:wifi_set_threshold_rssi_high	72	static
../wifi/wifidriver/mlan_glue.c:8638:5:wifi_set_threshold_snr_low	72	static
../wifi/wifidriver/mlan_glue.c:8650:5:wifi_set_threshold_snr_high	72	static
../wifi/wifidriver/mlan_glue.c:8661:5:wifi_set_threshold_max_fail	72	static
../wifi/wifidriver/mlan_glue.c:8673:5:wifi_set_threshold_beacon_miss	72	static
../wifi/wifidriver/mlan_glue.c:8685:5:wifi_set_threshold_data_rssi_low	72	static
../wifi/wifidriver/mlan_glue.c:8697:5:wifi_set_threshold_data_rssi_high	72	static
../wifi/wifidriver/mlan_glue.c:8709:5:wifi_set_threshold_data_snr_low	72	static
../wifi/wifidriver/mlan_glue.c:8721:5:wifi_set_threshold_data_snr_high	72	static
../wifi/wifidriver/mlan_glue.c:8733:5:wifi_set_threshold_link_quality	72	static
../wifi/wifidriver/mlan_glue.c:8753:5:wifi_set_threshold_pre_beacon_lost	72	static
../wifi/wifidriver/mlan_glue.c:8985:10:wifi_get_board_type	16	static
