C:\Users\fcoda\Documents\MCUXpressoIDE_25.6.136\workspace\frdmrw612_wifi_mqtt\wifi\wifidriver\incl/mlan_main.h:3055:14:wlan_strlen	24	static
C:\Users\fcoda\Documents\MCUXpressoIDE_25.6.136\workspace\frdmrw612_wifi_mqtt\wifi\wifidriver\incl/mlan_api.h:283:27:wifi_check_bss_entry_wpa2_entp_only	16	static
../wifi/wifidriver/mlan_scan.c:115:6:is_split_scan_complete	4	static
../wifi/wifidriver/mlan_scan.c:124:6:wlan_abort_split_scan	4	static
../wifi/wifidriver/mlan_scan.c:176:13:search_oui_in_ie	32	static
../wifi/wifidriver/mlan_scan.c:216:13:is_rsn_oui_present	48	static
../wifi/wifidriver/mlan_scan.c:289:13:is_wpa_oui_present	40	static
../wifi/wifidriver/mlan_scan.c:319:14:radio_type_to_band	24	static
../wifi/wifidriver/mlan_scan.c:346:13:wlan_update_chan_statistics	32	static
../wifi/wifidriver/mlan_scan.c:394:13:wlan_is_band_compatible	24	static
../wifi/wifidriver/mlan_scan.c:429:15:wlan_scan_create_channel_list	56	static
../wifi/wifidriver/mlan_scan.c:731:20:wlan_scan_channel_list	112	static
../wifi/wifidriver/mlan_scan.c:1069:20:wlan_scan_setup_scan_config	104	static
../wifi/wifidriver/mlan_scan.c:1515:6:wlan_active_scan_req_for_passive_chan	88	static
../wifi/wifidriver/mlan_scan.c:1670:20:wlan_interpret_bss_desc_with_ie	168	static
../wifi/wifidriver/mlan_scan.c:2368:14:wlan_get_chan_load	24	static
../wifi/wifidriver/mlan_scan.c:2384:14:wlan_get_chan_noise	24	static
../wifi/wifidriver/mlan_scan.c:2407:13:wlan_get_chan_rssi	24	static
../wifi/wifidriver/mlan_scan.c:2435:15:wlan_update_chan_rssi	24	static
../wifi/wifidriver/mlan_scan.c:2483:19:wlan_scan_process_results	32	static
../wifi/wifidriver/mlan_scan.c:2543:7:wlan_is_network_compatible	32	static
../wifi/wifidriver/mlan_scan.c:2804:13:wlan_scan_networks	88	static
../wifi/wifidriver/mlan_scan.c:2994:13:adjust_pointers_to_internal_buffers	16	static
../wifi/wifidriver/mlan_scan.c:3102:13:wlan_ret_802_11_scan	184	static
../wifi/wifidriver/mlan_scan.c:3551:13:wlan_cmd_802_11_scan_ext	32	static
../wifi/wifidriver/mlan_scan.c:3583:13:wlan_ret_802_11_scan_ext	48	static
../wifi/wifidriver/mlan_scan.c:3684:20:wlan_update_ssid_in_beacon_buf	40	static
../wifi/wifidriver/mlan_scan.c:3868:13:wlan_gen_multi_bssid_by_bssid_index	40	static
../wifi/wifidriver/mlan_scan.c:3907:15:wlan_parse_non_trans_bssid_profile	136	static
../wifi/wifidriver/mlan_scan.c:4174:15:wlan_parse_multi_bssid_ie	48	static
../wifi/wifidriver/mlan_scan.c:4219:13:wlan_parse_multi_bssid_ap	40	static
../wifi/wifidriver/mlan_scan.c:4267:20:wlan_parse_ext_scan_result	152	static
../wifi/wifidriver/mlan_scan.c:4664:13:wlan_handle_event_ext_scan_report	32	static
../wifi/wifidriver/mlan_scan.c:4748:13:wlan_cmd_802_11_bg_scan_query	32	static
../wifi/wifidriver/mlan_scan.c:4776:13:wlan_bgscan_create_channel_list	56	static
../wifi/wifidriver/mlan_scan.c:4900:13:wlan_cmd_bgscan_config	144	static
../wifi/wifidriver/mlan_scan.c:5233:13:wlan_ret_bgscan_config	40	static
../wifi/wifidriver/mlan_scan.c:5272:7:wlan_find_ssid_in_list	48	static
../wifi/wifidriver/mlan_scan.c:5354:7:wlan_find_bssid_in_list	40	static
../wifi/wifidriver/mlan_scan.c:5418:7:wlan_ssid_cmp	24	static
../wifi/wifidriver/mlan_scan.c:5439:14:wlan_find_worst_network_in_list	32	static
