../wifi/wifidriver/mlan_cmdevt.c:49:13:wlan_prepare_cmd	40	static
../wifi/wifidriver/mlan_cmdevt.c:73:14:wlan_get_bitmap_index	24	static
../wifi/wifidriver/mlan_cmdevt.c:95:13:wlan_cmd_enh_power_mode	72	static
../wifi/wifidriver/mlan_cmdevt.c:363:13:wlan_ret_802_11_tx_rate_query	32	static
../wifi/wifidriver/mlan_cmdevt.c:575:13:wlan_cmd_tx_rate_cfg	56	static
../wifi/wifidriver/mlan_cmdevt.c:697:13:wlan_ret_tx_rate_cfg	80	static
../wifi/wifidriver/mlan_cmdevt.c:870:13:wlan_cmd_get_hw_spec	24	static
../wifi/wifidriver/mlan_cmdevt.c:892:13:wlan_cmd_get_tsf	24	static
../wifi/wifidriver/mlan_cmdevt.c:914:13:wlan_cmd_txrx_pkt_stats	24	static
../wifi/wifidriver/mlan_cmdevt.c:987:13:wlan_cmd_txrx_histogram	32	static
../wifi/wifidriver/mlan_cmdevt.c:1011:20:wlan_get_no_5G_status	40	static
../wifi/wifidriver/mlan_cmdevt.c:1048:13:wlan_ret_get_hw_spec	72	static
../wifi/wifidriver/mlan_cmdevt.c:1325:13:wlan_cmd_remain_on_channel	32	static
../wifi/wifidriver/mlan_cmdevt.c:1454:13:wlan_cmd_region_power_cfg	32	static
../wifi/wifidriver/mlan_cmdevt.c:1542:13:wlan_cmd_rx_abort_cfg	32	static
../wifi/wifidriver/mlan_cmdevt.c:1575:13:wlan_cmd_rx_abort_cfg_ext	32	static
../wifi/wifidriver/mlan_cmdevt.c:1612:13:wlan_cmd_cck_desense_cfg	32	static
../wifi/wifidriver/mlan_cmdevt.c:1649:13:wlan_cmd_gpio_tsf_latch	56	static
../wifi/wifidriver/mlan_cmdevt.c:1729:13:wlan_ret_gpio_tsf_latch	56	static
../wifi/wifidriver/mlan_cmdevt.c:2325:13:wlan_cmd_boot_sleep	32	static
../wifi/wifidriver/mlan_cmdevt.c:2352:13:wlan_ret_boot_sleep	32	static
../wifi/wifidriver/mlan_cmdevt.c:2373:13:wlan_cmd_hs_wakeup_reason	24	static
../wifi/wifidriver/mlan_cmdevt.c:2394:13:wlan_ret_hs_wakeup_reason	32	static
../wifi/wifidriver/mlan_cmdevt.c:2418:13:wlan_cmd_tx_frame	56	static
