C:\Users\fcoda\Documents\MCUXpressoIDE_25.6.136\workspace\frdmrw612_wifi_mqtt\wifi\wifidriver\incl/mlan_util.h:51:22:util_init_list	16	static
C:\Users\fcoda\Documents\MCUXpressoIDE_25.6.136\workspace\frdmrw612_wifi_mqtt\wifi\wifidriver\incl/mlan_util.h:66:22:util_init_list_head	24	static
C:\Users\fcoda\Documents\MCUXpressoIDE_25.6.136\workspace\frdmrw612_wifi_mqtt\wifi\wifidriver\incl/mlan_util.h:87:22:util_free_list_head	24	static
C:\Users\fcoda\Documents\MCUXpressoIDE_25.6.136\workspace\frdmrw612_wifi_mqtt\wifi\wifidriver\incl/mlan_util.h:108:33:util_peek_list	32	static
C:\Users\fcoda\Documents\MCUXpressoIDE_25.6.136\workspace\frdmrw612_wifi_mqtt\wifi\wifidriver\incl/mlan_util.h:140:22:util_enqueue_list_tail	32	static
C:\Users\fcoda\Documents\MCUXpressoIDE_25.6.136\workspace\frdmrw612_wifi_mqtt\wifi\wifidriver\incl/mlan_util.h:206:22:util_unlink_list	32	static
C:\Users\fcoda\Documents\MCUXpressoIDE_25.6.136\workspace\frdmrw612_wifi_mqtt\wifi\wifidriver\incl/mlan_util.h:240:33:util_dequeue_list	40	static
../wifi/wifidriver/mlan_wmm.c:132:8:wlan_clean_txrx	24	static
../wifi/wifidriver/mlan_wmm.c:169:6:wlan_wmm_default_queue_priorities	16	static
../wifi/wifidriver/mlan_wmm.c:190:8:wlan_init_wmm_param	16	static
../wifi/wifidriver/mlan_wmm.c:264:8:wlan_wmm_init	24	static
../wifi/wifidriver/mlan_wmm.c:320:12:wlan_wmm_get_ralist_node	32	static
../wifi/wifidriver/mlan_wmm.c:357:7:wlan_wmm_process_association_req	32	static
../wifi/wifidriver/mlan_wmm.c:424:13:wlan_cmd_wmm_param_config	40	static
../wifi/wifidriver/mlan_wmm.c:458:13:wlan_ret_wmm_param_config	40	static
../wifi/wifidriver/mlan_wmm.c:557:6:wifi_wmm_da_to_ra	16	static
../wifi/wifidriver/mlan_wmm.c:572:16:wifi_wmm_is_tx_pause	24	static
../wifi/wifidriver/mlan_wmm.c:617:18:wifi_wmm_get_alter_buf_from_txqueue	32	static
../wifi/wifidriver/mlan_wmm.c:669:10:wifi_wmm_get_outbuf_enh	40	static
../wifi/wifidriver/mlan_wmm.c:707:19:wlan_wmm_get_queue_raptr_enh	40	static
../wifi/wifidriver/mlan_wmm.c:744:5:wlan_wmm_add_buf_txqueue_enh	40	static
../wifi/wifidriver/mlan_wmm.c:786:11:wifi_wmm_buf_get	16	static
../wifi/wifidriver/mlan_wmm.c:808:6:wifi_wmm_buf_put	24	static
../wifi/wifidriver/mlan_wmm.c:832:5:wifi_wmm_buf_pool_init	32	static
../wifi/wifidriver/mlan_wmm.c:859:6:wifi_wmm_buf_pool_deinit	8	static
../wifi/wifidriver/mlan_wmm.c:872:6:wlan_ralist_pkts_free_enh	40	static
../wifi/wifidriver/mlan_wmm.c:893:13:wlan_ralist_free_enh	24	static
../wifi/wifidriver/mlan_wmm.c:908:19:wlan_ralist_alloc_enh	32	static
../wifi/wifidriver/mlan_wmm.c:947:6:wlan_ralist_add_enh	40	static
../wifi/wifidriver/mlan_wmm.c:978:5:wlan_ralist_update_enh	40	static
../wifi/wifidriver/mlan_wmm.c:1023:6:wlan_ralist_del_enh	40	static
../wifi/wifidriver/mlan_wmm.c:1054:6:wlan_ralist_del_all_enh	40	static
../wifi/wifidriver/mlan_wmm.c:1086:6:wlan_ralist_deinit_enh	24	static
../wifi/wifidriver/mlan_wmm.c:1105:6:wifi_wmm_drop_err_mem	16	static
../wifi/wifidriver/mlan_wmm.c:1111:6:wifi_wmm_drop_no_media	16	static
../wifi/wifidriver/mlan_wmm.c:1117:6:wifi_wmm_drop_retried_drop	16	static
../wifi/wifidriver/mlan_wmm.c:1123:6:wifi_wmm_drop_pause_drop	16	static
../wifi/wifidriver/mlan_wmm.c:1129:6:wifi_wmm_drop_pause_replaced	16	static
../wifi/wifidriver/mlan_wmm.c:1135:6:wlan_get_bypass_lock	24	static
../wifi/wifidriver/mlan_wmm.c:1142:6:wlan_put_bypass_lock	24	static
../wifi/wifidriver/mlan_wmm.c:1149:6:wlan_add_buf_bypass_txq	32	static
../wifi/wifidriver/mlan_wmm.c:1161:6:wlan_bypass_txq_empty	16	static
../wifi/wifidriver/mlan_wmm.c:1166:5:wifi_bypass_txq_init	16	static
../wifi/wifidriver/mlan_wmm.c:1189:6:wlan_cleanup_bypass_txq	24	static
../wifi/wifidriver/mlan_wmm.c:1213:6:wifi_bypass_txq_deinit	16	static
