C:\Users\fcoda\Documents\MCUXpressoIDE_25.6.136\workspace\frdmrw612_wifi_mqtt\wifi\wifidriver\incl/mlan_main.h:3151:22:wlan_get_priv	24	static
../wifi/wifidriver/mlan_11d.c:107:6:region_string_2_region_code	24	static
../wifi/wifidriver/mlan_11d.c:142:13:wlan_11d_region_2_code	32	static
../wifi/wifidriver/mlan_11d.c:178:16:wlan_11d_country_index_2_string	16	static
../wifi/wifidriver/mlan_11d.c:195:13:wlan_11d_code_2_region	24	static
../wifi/wifidriver/mlan_11d.c:228:13:wlan_11d_channel_known	40	static
../wifi/wifidriver/mlan_11d.c:282:15:wlan_11d_generate_parsed_region_chan	32	static
../wifi/wifidriver/mlan_11d.c:334:20:wlan_11d_generate_domain_info	40	static
../wifi/wifidriver/mlan_11d.c:409:20:wlan_11d_update_chan_pwr_table	32	static
../wifi/wifidriver/mlan_11d.c:468:13:wlan_11d_get_chan	24	static
../wifi/wifidriver/mlan_11d.c:527:20:wlan_11d_process_country_info	200	static
../wifi/wifidriver/mlan_11d.c:612:15:wlan_11d_copy_chan_power	16	static
../wifi/wifidriver/mlan_11d.c:633:15:wlan_11d_sort_parsed_region_chan	32	static
../wifi/wifidriver/mlan_11d.c:669:20:wlan_11d_send_domain_info	40	static
../wifi/wifidriver/mlan_11d.c:706:13:wlan_11d_set_domain_info	40	static
../wifi/wifidriver/mlan_11d.c:740:8:wlan_is_station	16	static
../wifi/wifidriver/mlan_11d.c:754:8:wlan_11d_support_is_enabled	16	static
../wifi/wifidriver/mlan_11d.c:768:8:wlan_11d_is_enabled	16	static
../wifi/wifidriver/mlan_11d.c:792:7:wlan_enable_11d_support	16	static
../wifi/wifidriver/mlan_11d.c:822:7:wlan_11d_support_APIs	16	static
../wifi/wifidriver/mlan_11d.c:839:8:wlan_11d_priv_init	24	static
../wifi/wifidriver/mlan_11d.c:868:8:wlan_11d_init	16	static
../wifi/wifidriver/mlan_11d.c:893:13:wlan_cmd_802_11d_domain_info	40	static
../wifi/wifidriver/mlan_11d.c:958:6:is_special_region_code	32	static
../wifi/wifidriver/mlan_11d.c:987:13:wlan_11d_parse_domain_info	40	static
../wifi/wifidriver/mlan_11d.c:1076:7:wlan_11d_chan_2_freq	32	static
../wifi/wifidriver/mlan_11d.c:1122:13:wlan_11d_set_universaltable	32	static
../wifi/wifidriver/mlan_11d.c:1197:16:wlan_11d_get_scan_type	32	static
../wifi/wifidriver/mlan_11d.c:1230:13:wlan_11d_clear_parsedtable	24	static
../wifi/wifidriver/mlan_11d.c:1259:13:wlan_11d_create_dnld_countryinfo	200	static
../wifi/wifidriver/mlan_11d.c:1374:6:wlan_filter_domain_channel	32	static
../wifi/wifidriver/mlan_11d.c:1399:13:wlan_11d_parse_dnld_countryinfo	528	static
../wifi/wifidriver/mlan_11d.c:1486:13:wlan_11d_prepare_dnld_domain_info_cmd	32	static
../wifi/wifidriver/mlan_11d.c:1538:13:wlan_11d_cfg_domain_info	48	static
../wifi/wifidriver/mlan_11d.c:1598:13:wlan_11d_handle_uap_domain_info	64	static
