../wifi/wifidriver/mlan_sta_cmd.c:367:20:wlan_cmd_802_11_rssi_info	24	static
../wifi/wifidriver/mlan_sta_cmd.c:401:20:wlan_cmd_mac_control	32	static
../wifi/wifidriver/mlan_sta_cmd.c:437:20:wlan_cmd_802_11_snmp_mib	40	static
../wifi/wifidriver/mlan_sta_cmd.c:539:20:wlan_cmd_802_11_get_log	16	static
../wifi/wifidriver/mlan_sta_cmd.c:558:20:wlan_cmd_tx_power_cfg	40	static
../wifi/wifidriver/mlan_sta_cmd.c:618:20:wlan_cmd_802_11_rf_tx_power	32	static
../wifi/wifidriver/mlan_sta_cmd.c:662:20:wlan_cmd_802_11_hs_cfg	32	static
../wifi/wifidriver/mlan_sta_cmd.c:707:20:wlan_cmd_802_11_mac_address	24	static
../wifi/wifidriver/mlan_sta_cmd.c:739:20:wlan_cmd_802_11_sleep_period	32	static
../wifi/wifidriver/mlan_sta_cmd.c:770:20:wlan_cmd_mac_multicast_adr	32	static
../wifi/wifidriver/mlan_sta_cmd.c:807:26:wlan_cmd_802_11_deauthenticate	32	static
../wifi/wifidriver/mlan_sta_cmd.c:853:20:wlan_cmd_802_11_key_material	40	static
../wifi/wifidriver/mlan_sta_cmd.c:1169:20:wlan_cmd_802_11_supplicant_pmk	64	static
../wifi/wifidriver/mlan_sta_cmd.c:1297:20:wlan_cmd_802_11_rf_channel	32	static
../wifi/wifidriver/mlan_sta_cmd.c:1336:20:wlan_cmd_mgmt_ie_list	48	static
../wifi/wifidriver/mlan_sta_cmd.c:1413:26:wlan_cmd_reg_access	56	static
../wifi/wifidriver/mlan_sta_cmd.c:1497:13:wlan_cmd_mem_access	32	static
../wifi/wifidriver/mlan_sta_cmd.c:1523:13:wlan_cmd_auto_reconnect	32	static
../wifi/wifidriver/mlan_sta_cmd.c:1550:13:wlan_cmd_rx_mgmt_indication	32	static
../wifi/wifidriver/mlan_sta_cmd.c:1578:5:wlan_parse_getdata	80	static
../wifi/wifidriver/mlan_sta_cmd.c:1740:13:wlan_cmd_subscribe_event	88	static
../wifi/wifidriver/mlan_sta_cmd.c:1931:20:wlan_cmd_otp_user_data	40	static
../wifi/wifidriver/mlan_sta_cmd.c:1974:20:wlan_cmd_tx_ampdu_prot_mode	32	static
../wifi/wifidriver/mlan_sta_cmd.c:2009:20:wlan_cmd_csi	32	static
../wifi/wifidriver/mlan_sta_cmd.c:2069:13:wlan_cmd_get_channel_load	32	static
../wifi/wifidriver/mlan_sta_cmd.c:2107:13:wlan_ops_sta_prepare_cmd	48	static
