C:\Users\fcoda\Documents\MCUXpressoIDE_25.6.136\workspace\frdmrw612_wifi_mqtt\wifi\wifidriver\incl/mlan_main.h:3030:14:wlan_copy_rates	32	static
C:\Users\fcoda\Documents\MCUXpressoIDE_25.6.136\workspace\frdmrw612_wifi_mqtt\wifi\wifidriver\incl/mlan_main.h:3181:12:wlan_count_priv_cond	40	static
../wifi/wifidriver/mlan_cfp.c:677:33:wlan_get_region_cfp_table	32	static
../wifi/wifidriver/mlan_cfp.c:794:13:wlan_misc_country_2_cfp_table_code	32	static
../wifi/wifidriver/mlan_cfp.c:898:7:wlan_index_to_data_rate	264	static
../wifi/wifidriver/mlan_cfp.c:1084:7:wlan_get_active_data_rates	32	static
../wifi/wifidriver/mlan_cfp.c:1117:6:wlan_get_txpwr_of_chan_from_cfp	40	static
../wifi/wifidriver/mlan_cfp.c:1193:26:wlan_get_cfp_by_band_and_channel	40	static
../wifi/wifidriver/mlan_cfp.c:1300:26:wlan_find_cfp_by_band_and_channel	24	static
../wifi/wifidriver/mlan_cfp.c:1329:26:wlan_find_cfp_by_band_and_freq	40	static
../wifi/wifidriver/mlan_cfp.c:1430:6:wlan_is_rate_auto	24	static
../wifi/wifidriver/mlan_cfp.c:1465:5:wlan_get_rate_index	32	static
../wifi/wifidriver/mlan_cfp.c:1491:7:wlan_convert_config_bands	24	static
../wifi/wifidriver/mlan_cfp.c:1533:7:wlan_get_supported_rates	32	static
../wifi/wifidriver/mlan_cfp.c:1614:13:wlan_set_regiontable	32	static
../wifi/wifidriver/mlan_cfp.c:1686:8:wlan_get_cfp_radar_detect	24	static
../wifi/wifidriver/mlan_cfp.c:1737:8:wlan_bg_scan_type_is_passive	24	static
../wifi/wifidriver/mlan_cfp.c:1784:6:wlan_convert_v14_rate_ht_info	24	static
../wifi/wifidriver/mlan_cfp.c:1802:8:wlan_is_channel_valid	32	static
../wifi/wifidriver/mlan_cfp.c:1868:8:wlan_check_channel_by_region_table	32	static
../wifi/wifidriver/mlan_cfp.c:1933:8:wlan_is_radio_mode_valid	32	static
../wifi/wifidriver/mlan_cfp.c:1967:8:wlan_is_channel_and_freq_valid	32	static
../wifi/wifidriver/mlan_cfp.c:2054:13:wlan_set_custom_cfp_table	32	static
../wifi/wifidriver/mlan_cfp.c:2121:6:wlan_set_custom_regiontable	24	static
../wifi/wifidriver/mlan_cfp.c:2159:6:wlan_get_active_channel_list	48	static
../wifi/wifidriver/mlan_cfp.c:2583:8:wlan_is_etsi_country	24	static
../wifi/wifidriver/mlan_cfp.c:2604:22:wlan_get_nonglobal_operclass_table	40	static
../wifi/wifidriver/mlan_cfp.c:2657:13:wlan_get_global_nonglobal_oper_class	56	static
../wifi/wifidriver/mlan_cfp.c:2719:5:wlan_add_supported_oper_class_ie	136	static
../wifi/wifidriver/mlan_cfp.c:2881:13:wlan_check_operclass_validation	48	static
