C:\Users\fcoda\Documents\MCUXpressoIDE_25.6.136\workspace\frdmrw612_wifi_mqtt\wifi\incl\port\osa/osa.h:329:20:OSA_Srand	16	static
C:\Users\fcoda\Documents\MCUXpressoIDE_25.6.136\workspace\frdmrw612_wifi_mqtt\wifi\incl\port\osa/osa.h:337:24:OSA_Rand	24	static
C:\Users\fcoda\Documents\MCUXpressoIDE_25.6.136\workspace\frdmrw612_wifi_mqtt\wifi\incl\port\osa/osa.h:350:24:OSA_RandRange	24	static
C:\Users\fcoda\Documents\MCUXpressoIDE_25.6.136\workspace\frdmrw612_wifi_mqtt\wifi\wifidriver\incl/mlan_util.h:51:22:util_init_list	16	static
C:\Users\fcoda\Documents\MCUXpressoIDE_25.6.136\workspace\frdmrw612_wifi_mqtt\wifi\wifidriver\incl/mlan_util.h:108:33:util_peek_list	32	static
C:\Users\fcoda\Documents\MCUXpressoIDE_25.6.136\workspace\frdmrw612_wifi_mqtt\wifi\wifidriver\incl/mlan_util.h:140:22:util_enqueue_list_tail	32	static
C:\Users\fcoda\Documents\MCUXpressoIDE_25.6.136\workspace\frdmrw612_wifi_mqtt\wifi\wifidriver\incl/mlan_util.h:206:22:util_unlink_list	32	static
C:\Users\fcoda\Documents\MCUXpressoIDE_25.6.136\workspace\frdmrw612_wifi_mqtt\wifi\wifidriver\incl/mlan_wmm.h:73:22:wlan_request_ralist_lock	16	static
C:\Users\fcoda\Documents\MCUXpressoIDE_25.6.136\workspace\frdmrw612_wifi_mqtt\wifi\wifidriver\incl/mlan_wmm.h:91:22:wlan_release_ralist_lock	16	static
../wifi/wifidriver/mlan_11n.c:49:20:wlan_11n_ioctl_htusrcfg	32	static
../wifi/wifidriver/mlan_11n.c:122:20:wlan_11n_ioctl_httxcfg	40	static
../wifi/wifidriver/mlan_11n.c:166:20:wlan_send_delba_to_entry_in_txbastream_tbl	56	static
../wifi/wifidriver/mlan_11n.c:276:20:wlan_send_delba_to_entry_in_reorder_tbl	56	static
../wifi/wifidriver/mlan_11n.c:330:20:wlan_11n_ioctl_delba	72	static
../wifi/wifidriver/mlan_11n.c:432:13:wlan_fill_cap_info	32	static
../wifi/wifidriver/mlan_11n.c:554:6:wlan_fill_ht_cap_tlv	40	static
../wifi/wifidriver/mlan_11n.c:618:6:wlan_show_dot11ndevcap	16	static
../wifi/wifidriver/mlan_11n.c:682:6:wlan_show_devmcssupport	16	static
../wifi/wifidriver/mlan_11n.c:703:13:wlan_cmd_recfg_tx_buf	32	static
../wifi/wifidriver/mlan_11n.c:738:13:wlan_cmd_amsdu_aggr_ctrl	40	static
../wifi/wifidriver/mlan_11n.c:805:13:wlan_cmd_11n_cfg	32	static
../wifi/wifidriver/mlan_11n.c:833:13:wlan_ret_11n_cfg	32	static
../wifi/wifidriver/mlan_11n.c:861:12:wlan_check_chan_width_ht40_by_region	32	static
../wifi/wifidriver/mlan_11n.c:935:7:wlan_cmd_append_11n_tlv	64	static
../wifi/wifidriver/mlan_11n.c:1205:13:wlan_11n_cfg_ioctl	24	static
../wifi/wifidriver/mlan_11n.c:1250:6:wlan_11n_delete_txbastream_tbl_entry	32	static
../wifi/wifidriver/mlan_11n.c:1290:6:wlan_11n_deleteall_txbastream_tbl	24	static
../wifi/wifidriver/mlan_11n.c:1320:16:wlan_11n_get_txbastream_tbl	24	static
../wifi/wifidriver/mlan_11n.c:1363:6:wlan_11n_create_txbastream_tbl	48	static
../wifi/wifidriver/mlan_11n.c:1412:6:wlan_11n_update_txbastream_tbl_ampdu_stat	32	static
../wifi/wifidriver/mlan_11n.c:1440:6:wlan_11n_update_txbastream_tbl_ampdu_supported	32	static
../wifi/wifidriver/mlan_11n.c:1470:6:wlan_11n_update_txbastream_tbl_tx_thresh	32	static
../wifi/wifidriver/mlan_11n.c:1497:6:wlan_11n_update_txbastream_tbl_tx_cnt	24	static
../wifi/wifidriver/mlan_11n.c:1522:5:wlan_11n_get_sta_peer_amsdu	24	static
../wifi/wifidriver/mlan_11n.c:1548:5:wlan_send_addba	64	static
../wifi/wifidriver/mlan_11n.c:1608:13:wlan_send_delba	48	static
../wifi/wifidriver/mlan_11n.c:1643:6:wlan_11n_delete_bastream	32	static
