C:\Users\fcoda\Documents\MCUXpressoIDE_25.6.136\workspace\frdmrw612_wifi_mqtt\wifi\wifidriver\incl/mlan_util.h:108:33:util_peek_list	32	static
C:\Users\fcoda\Documents\MCUXpressoIDE_25.6.136\workspace\frdmrw612_wifi_mqtt\wifi\wifidriver\incl/mlan_util.h:140:22:util_enqueue_list_tail	32	static
C:\Users\fcoda\Documents\MCUXpressoIDE_25.6.136\workspace\frdmrw612_wifi_mqtt\wifi\wifidriver\incl/mlan_util.h:206:22:util_unlink_list	32	static
C:\Users\fcoda\Documents\MCUXpressoIDE_25.6.136\workspace\frdmrw612_wifi_mqtt\wifi\wifidriver\incl/mlan_util.h:240:33:util_dequeue_list	40	static
../wifi/wifidriver/mlan_misc.c:35:14:wlan_alloc_mlan_buffer	48	static
../wifi/wifidriver/mlan_misc.c:81:8:wlan_free_mlan_buffer	16	static
../wifi/wifidriver/mlan_misc.c:94:6:wlan_is_station_list_empty	16	static
../wifi/wifidriver/mlan_misc.c:116:11:wlan_get_station_entry	24	static
../wifi/wifidriver/mlan_misc.c:156:11:wlan_add_station_entry	40	static
../wifi/wifidriver/mlan_misc.c:193:8:wlan_delete_station_entry	32	static
../wifi/wifidriver/mlan_misc.c:217:8:wlan_delete_station_list	24	static
../wifi/wifidriver/mlan_misc.c:243:13:wlan_process_802dot11_mgmt_pkt	40	static
../wifi/wifidriver/mlan_misc.c:283:13:wlan_bypass_802dot11_mgmt_pkt	48	static
../wifi/wifidriver/mlan_misc.c:332:6:wlan_add_ext_capa_info_ie	32	static
../wifi/wifidriver/mlan_misc.c:392:20:wlan_rate_ioctl_get_rate_index	32	static
../wifi/wifidriver/mlan_misc.c:419:20:wlan_rate_ioctl_set_rate_index	104	static
../wifi/wifidriver/mlan_misc.c:617:13:wlan_rate_ioctl_cfg	24	static
../wifi/wifidriver/mlan_misc.c:646:13:wlan_cmd_802_11_rf_antenna	32	static
../wifi/wifidriver/mlan_misc.c:677:13:wlan_cmd_802_11_net_monitor	32	static
../wifi/wifidriver/mlan_misc.c:794:13:wlan_misc_gpio_tsf_latch_config	40	static
../wifi/wifidriver/mlan_misc.c:825:13:wlan_misc_get_tsf_info	40	static
../wifi/wifidriver/mlan_misc.c:855:13:wlan_misc_ioctl_oper_class	48	static
../wifi/wifidriver/mlan_misc.c:906:13:wlan_misc_ioctl_operclass_validation	32	static
