C:\Users\fcoda\Documents\MCUXpressoIDE_25.6.136\workspace\frdmrw612_wifi_mqtt\wifi\wifidriver\incl/mlan_main.h:3055:14:wlan_strlen	24	static
../wifi/wifidriver/mlan_api.c:108:5:wifi_send_shutdown_cmd	16	static
../wifi/wifidriver/mlan_api.c:123:5:wifi_deauthenticate	24	static
../wifi/wifidriver/mlan_api.c:189:5:wifi_get_eeprom_data	40	static
../wifi/wifidriver/mlan_api.c:207:5:wifi_reg_access	48	static
../wifi/wifidriver/mlan_api.c:251:5:wifi_mem_access	40	static
../wifi/wifidriver/mlan_api.c:333:5:wifi_get_tsf	48	static
../wifi/wifidriver/mlan_api.c:362:5:wifi_send_rssi_info_cmd	48	static
../wifi/wifidriver/mlan_api.c:391:5:wifi_send_rf_channel_cmd	40	static
../wifi/wifidriver/mlan_api.c:415:5:wifi_send_remain_on_channel_cmd	48	static
../wifi/wifidriver/mlan_api.c:440:5:wifi_get_set_rf_tx_power	40	static
../wifi/wifidriver/mlan_api.c:459:5:wifi_get_data_rate	40	static
../wifi/wifidriver/mlan_api.c:496:5:wifi_set_pmfcfg	24	static
../wifi/wifidriver/mlan_api.c:506:5:wifi_get_pmfcfg	24	static
../wifi/wifidriver/mlan_api.c:516:5:wifi_set_packet_filters	72	static
../wifi/wifidriver/mlan_api.c:695:5:wifi_set_auto_arp	88	static
../wifi/wifidriver/mlan_api.c:731:5:wifi_tcp_keep_alive	128	static
../wifi/wifidriver/mlan_api.c:2170:5:wifi_send_scan_cmd	56	static
../wifi/wifidriver/mlan_api.c:2458:12:wifi_send_key_material_cmd	56	static
../wifi/wifidriver/mlan_api.c:2488:5:wifi_set_key	424	static
../wifi/wifidriver/mlan_api.c:2575:5:wifi_set_rekey_info	24	static
../wifi/wifidriver/mlan_api.c:2635:5:wifi_set_igtk_key	408	static
../wifi/wifidriver/mlan_api.c:2653:5:wifi_remove_key	408	static
../wifi/wifidriver/mlan_api.c:2684:12:wifi_send_rf_antenna_cmd	56	static
../wifi/wifidriver/mlan_api.c:2726:5:wifi_get_antenna	48	static
../wifi/wifidriver/mlan_api.c:2762:5:wifi_set_antenna	32	static
../wifi/wifidriver/mlan_api.c:2774:12:wifi_send_get_log_cmd	48	static
../wifi/wifidriver/mlan_api.c:2795:5:wifi_get_log	24	static
../wifi/wifidriver/mlan_api.c:2807:5:wifi_get_stats	32	static
../wifi/wifidriver/mlan_api.c:2881:5:wifi_reset_stats	32	static
../wifi/wifidriver/mlan_api.c:2926:12:wifi_send_cmd_802_11_supplicant_pmk	64	static
../wifi/wifidriver/mlan_api.c:2947:5:wifi_send_add_wpa_pmk	416	static
../wifi/wifidriver/mlan_api.c:2985:5:wifi_send_get_wpa_pmk	400	static
../wifi/wifidriver/mlan_api.c:3020:5:wifi_send_add_wpa_psk	416	static
../wifi/wifidriver/mlan_api.c:3057:5:wifi_send_add_wpa3_password	416	static
../wifi/wifidriver/mlan_api.c:3090:5:wifi_send_clear_wpa_psk	400	static
../wifi/wifidriver/mlan_api.c:3118:5:wifi_send_enable_supplicant	400	static
../wifi/wifidriver/mlan_api.c:3146:5:wifi_send_disable_supplicant	392	static
../wifi/wifidriver/mlan_api.c:3158:5:wifi_set_mac_multicast_addr	48	static
../wifi/wifidriver/mlan_api.c:3208:5:wifi_get_otp_user_data	296	static
../wifi/wifidriver/mlan_api.c:3236:5:wifi_get_cal_data	32	static
../wifi/wifidriver/mlan_api.c:3261:6:wifi_request_get_fw_info	16	static
../wifi/wifidriver/mlan_api.c:3281:6:wifi_get_fw_info	144	static
../wifi/wifidriver/mlan_api.c:3295:5:wifi_get_firmware_version_ext	40	static
../wifi/wifidriver/mlan_api.c:3308:5:wifi_get_firmware_version	72	static
../wifi/wifidriver/mlan_api.c:3393:5:wifi_get_region_code	16	static
../wifi/wifidriver/mlan_api.c:3399:5:wifi_set_region_code	64	static
../wifi/wifidriver/mlan_api.c:3454:5:wifi_enable_11d_support	24	static
../wifi/wifidriver/mlan_api.c:3465:5:wifi_disable_11d_support	16	static
../wifi/wifidriver/mlan_api.c:3474:5:wifi_enable_uap_11d_support	16	static
../wifi/wifidriver/mlan_api.c:3488:5:wifi_disable_uap_11d_support	8	static
../wifi/wifidriver/mlan_api.c:3499:5:wifi_enable_11d_support_APIs	16	static
../wifi/wifidriver/mlan_api.c:3506:22:get_sub_band_from_region_code	24	static
../wifi/wifidriver/mlan_api.c:3537:22:get_sub_band_from_region_code_5ghz	24	static
../wifi/wifidriver/mlan_api.c:3591:6:wifi_11d_is_channel_allowed	32	static
../wifi/wifidriver/mlan_api.c:3647:5:wifi_enable_ecsa_support	8	static
../wifi/wifidriver/mlan_api.c:3652:6:wifi_is_ecsa_enabled	4	static
../wifi/wifidriver/mlan_api.c:3657:12:get_free_mgmt_ie_index	24	static
../wifi/wifidriver/mlan_api.c:3672:13:set_ie_index	16	static
../wifi/wifidriver/mlan_api.c:3677:13:clear_ie_index	16	static
../wifi/wifidriver/mlan_api.c:3682:14:get_ie_index	4	static
../wifi/wifidriver/mlan_api.c:3731:13:ie_index_is_set	16	static
../wifi/wifidriver/mlan_api.c:3736:6:reset_ie_index	4	static
../wifi/wifidriver/mlan_api.c:3741:12:wifi_config_mgmt_ie	56	static
../wifi/wifidriver/mlan_api.c:3902:5:wifi_get_mgmt_ie	32	static
../wifi/wifidriver/mlan_api.c:3907:5:wifi_set_mgmt_ie	40	static
../wifi/wifidriver/mlan_api.c:3914:5:wifi_clear_mgmt_ie	32	static
../wifi/wifidriver/mlan_api.c:3920:12:wifi_config_mgmt_ie2	56	static
../wifi/wifidriver/mlan_api.c:4060:5:wifi_get_mgmt_ie2	32	static
../wifi/wifidriver/mlan_api.c:4065:5:wifi_set_mgmt_ie2	40	static
../wifi/wifidriver/mlan_api.c:4072:5:wifi_clear_mgmt_ie2	32	static
../wifi/wifidriver/mlan_api.c:4079:5:wifi_get_mgmt_ie_by_index	56	static
../wifi/wifidriver/mlan_api.c:4253:5:wifi_set_chanlist	32	static
../wifi/wifidriver/mlan_api.c:4306:5:wifi_get_chanlist	40	static
../wifi/wifidriver/mlan_api.c:4354:6:wifi_get_active_channel_list	24	static
../wifi/wifidriver/mlan_api.c:4363:5:wifi_set_txpwrlimit	40	static
../wifi/wifidriver/mlan_api.c:4404:5:wifi_get_txpwrlimit	32	static
../wifi/wifidriver/mlan_api.c:4427:5:wifi_set_rts	64	static
../wifi/wifidriver/mlan_api.c:4531:5:wifi_set_frag	64	static
../wifi/wifidriver/mlan_api.c:4633:6:wifi_set_curr_bss_channel	24	static
../wifi/wifidriver/mlan_api.c:4642:5:wifi_host_11k_cfg	32	static
../wifi/wifidriver/mlan_api.c:4687:5:wifi_host_11k_neighbor_req	24	static
../wifi/wifidriver/mlan_api.c:4701:5:wifi_host_11v_bss_trans_query	16	static
../wifi/wifidriver/mlan_api.c:4708:5:wifi_host_mbo_cfg	536	static
../wifi/wifidriver/mlan_api.c:4743:5:wifi_mbo_preferch_cfg	552	static
../wifi/wifidriver/mlan_api.c:4776:5:wifi_mbo_send_preferch_wnm	64	static
../wifi/wifidriver/mlan_api.c:4904:5:wifi_set_ed_mac_mode	32	static
../wifi/wifidriver/mlan_api.c:4949:5:wifi_get_ed_mac_mode	24	static
../wifi/wifidriver/mlan_api.c:4980:5:wifi_set_smart_mode_cfg	80	static
../wifi/wifidriver/mlan_api.c:5086:5:wifi_get_smart_mode_cfg	24	static
../wifi/wifidriver/mlan_api.c:5105:5:wifi_start_smart_mode	24	static
../wifi/wifidriver/mlan_api.c:5124:5:wifi_stop_smart_mode	24	static
../wifi/wifidriver/mlan_api.c:5146:6:wifi_get_band	24	static
../wifi/wifidriver/mlan_api.c:5161:5:wifi_get_bgscan_results	24	static
../wifi/wifidriver/mlan_api.c:5192:5:wifi_send_scan_query	16	static
../wifi/wifidriver/mlan_api.c:5212:5:wifi_send_hostcmd	32	static
../wifi/wifidriver/mlan_api.c:5256:5:wifi_set_eu_crypto	32	static
../wifi/wifidriver/mlan_api.c:5314:5:wifi_set_rx_mgmt_indication	32	static
../wifi/wifidriver/mlan_api.c:5339:5:wifi_get_set_bandcfg	80	static
../wifi/wifidriver/mlan_api.c:5408:16:wifi_PrepDefaultMgtMsg	40	static
../wifi/wifidriver/mlan_api.c:5444:6:set_ecsa_block_tx_time	16	static
../wifi/wifidriver/mlan_api.c:5449:6:get_ecsa_block_tx_time	4	static
../wifi/wifidriver/mlan_api.c:5454:6:set_ecsa_block_tx_flag	16	static
../wifi/wifidriver/mlan_api.c:5459:6:get_ecsa_block_tx_flag	4	static
../wifi/wifidriver/mlan_api.c:5464:5:wlan_get_nonglobal_operclass_by_bw_channel	64	static
../wifi/wifidriver/mlan_api.c:5514:5:wifi_set_ecsa_cfg	96	static
../wifi/wifidriver/mlan_api.c:5746:5:wifi_set_action_ecsa_cfg	72	static
../wifi/wifidriver/mlan_api.c:6122:5:wifi_set_wmm_qos_cfg	400	static
../wifi/wifidriver/mlan_api.c:6141:6:wifi_set_sleep_period	40	static
../wifi/wifidriver/mlan_api.c:6156:5:wifi_mmsf_cfg	48	static
../wifi/wifidriver/mlan_api.c:6215:5:wifi_tx_ampdu_prot_mode	40	static
../wifi/wifidriver/mlan_api.c:6231:5:wifi_csi_cfg	48	static
../wifi/wifidriver/mlan_api.c:6507:5:wifi_channel_load	56	static
../wifi/wifidriver/mlan_api.c:6530:5:wifi_get_channel_load	24	static
../wifi/wifidriver/mlan_api.c:6546:5:wifi_set_ips_config	24	static
../wifi/wifidriver/mlan_api.c:6568:5:wifi_net_monitor_cfg	48	static
../wifi/wifidriver/mlan_api.c:6596:5:wifi_mgmtframe_tx_cfg	56	static
../wifi/wifidriver/mlan_api.c:6665:5:wifi_tsp_cfg	72	static
../wifi/wifidriver/mlan_api.c:6728:5:wifi_get_turbo_mode	16	static
../wifi/wifidriver/mlan_api.c:6733:5:wifi_get_uap_turbo_mode	16	static
../wifi/wifidriver/mlan_api.c:6738:5:wifi_set_turbo_mode	16	static
../wifi/wifidriver/mlan_api.c:6743:5:wifi_set_uap_turbo_mode	16	static
../wifi/wifidriver/mlan_api.c:6748:5:wlan_get_set_turbo_mode	32	static
../wifi/wifidriver/mlan_api.c:7037:5:wifi_single_ant_duty_cycle	24	static
../wifi/wifidriver/mlan_api.c:7070:5:wifi_dual_ant_duty_cycle	32	static
../wifi/wifidriver/mlan_api.c:7107:5:wifi_external_coex_pta_cfg	40	static
../wifi/wifidriver/mlan_api.c:7177:5:wifi_sta_inactivityto	24	static
../wifi/wifidriver/mlan_api.c:7209:5:wifi_auto_null_tx	32	static
../wifi/wifidriver/mlan_api.c:7260:19:is_broadcast_ether_addr	16	static
../wifi/wifidriver/mlan_api.c:7265:19:is_multicast_ether_addr	16	static
../wifi/wifidriver/mlan_api.c:7271:6:wifi_iface_tx_stats	24	static
../wifi/wifidriver/mlan_api.c:7300:6:wifi_iface_rx_stats	24	static
