C:\Users\fcoda\Documents\MCUXpressoIDE_25.6.136\workspace\frdmrw612_wifi_mqtt\wifi\wifidriver\incl/mlan_util.h:108:33:util_peek_list	32	static
C:\Users\fcoda\Documents\MCUXpressoIDE_25.6.136\workspace\frdmrw612_wifi_mqtt\wifi\wifidriver\incl/mlan_util.h:206:22:util_unlink_list	32	static
C:\Users\fcoda\Documents\MCUXpressoIDE_25.6.136\workspace\frdmrw612_wifi_mqtt\wifi\wifidriver\incl/mlan_util.h:240:33:util_dequeue_list	40	static
C:\Users\fcoda\Documents\MCUXpressoIDE_25.6.136\workspace\frdmrw612_wifi_mqtt\wifi\wifidriver\incl/mlan_api.h:62:20:panic	16	static
C:\Users\fcoda\Documents\MCUXpressoIDE_25.6.136\workspace\frdmrw612_wifi_mqtt\wifi\incl\port\net/wm_net.h:370:24:net_stack_buffer_skip	24	static
C:\Users\fcoda\Documents\MCUXpressoIDE_25.6.136\workspace\frdmrw612_wifi_mqtt\wifi\incl\port\net/wm_net.h:411:19:net_stack_buffer_copy_partial	24	static
../wifi/wifidriver/wifi.c:264:10:wifi_get_last_cmd_sent_ms	4	static
../wifi/wifidriver/wifi.c:269:10:wifi_get_value1	8	static
../wifi/wifidriver/wifi.c:275:6:wifi_wake_up_card	16	static
../wifi/wifidriver/wifi.c:295:6:wifi_get_xfer_pending	4	static
../wifi/wifidriver/wifi.c:302:6:wifi_set_xfer_pending	16	static
../wifi/wifidriver/wifi.c:307:6:wifi_update_last_cmd_sent_ms	8	static
../wifi/wifidriver/wifi.c:312:12:wifi_get_command_resp_sem	16	static
../wifi/wifidriver/wifi.c:317:5:wifi_put_command_resp_sem	8	static
../wifi/wifidriver/wifi.c:324:5:wifi_get_command_lock	16	static
../wifi/wifidriver/wifi.c:344:5:wifi_put_command_lock	16	static
../wifi/wifidriver/wifi.c:364:12:wifi_get_mcastf_lock	16	static
../wifi/wifidriver/wifi.c:378:12:wifi_put_mcastf_lock	16	static
../wifi/wifidriver/wifi.c:393:6:wifi_reset_in_progress	4	static
../wifi/wifidriver/wifi.c:398:6:wifi_reset_set_state	16	static
../wifi/wifidriver/wifi.c:1225:5:wifi_wait_for_cmdresp	48	static
../wifi/wifidriver/wifi.c:1455:5:wifi_event_completion	24	static
../wifi/wifidriver/wifi.c:1476:12:cmp_mac_addr	24	static
../wifi/wifidriver/wifi.c:1495:12:add_mcast_ip	24	static
../wifi/wifidriver/wifi.c:1545:12:remove_mcast_ip	24	static
../wifi/wifidriver/wifi.c:1600:12:make_filter_list	24	static
../wifi/wifidriver/wifi.c:1621:6:wifi_get_ipv4_multicast_mac	32	static
../wifi/wifidriver/wifi.c:1648:6:wifi_get_ipv6_multicast_mac	32	static
../wifi/wifidriver/wifi.c:1672:5:wifi_add_mcast_filter	216	static
../wifi/wifidriver/wifi.c:1696:5:wifi_remove_mcast_filter	216	static
../wifi/wifidriver/wifi.c:1721:6:wifi_remove_all_mcast_filter	24	static
../wifi/wifidriver/wifi.c:1747:5:wifi_get_scan_result	80	static
../wifi/wifidriver/wifi.c:1803:5:wifi_register_event_queue	16	static
../wifi/wifidriver/wifi.c:1819:5:wifi_unregister_event_queue	16	static
../wifi/wifidriver/wifi.c:1831:5:wifi_get_wpa_ie_in_assoc	16	static
../wifi/wifidriver/wifi.c:1838:13:wifi_drv_task	32	static
../wifi/wifidriver/wifi.c:1970:6:wifi_user_scan_config_cleanup	8	static
../wifi/wifidriver/wifi.c:1983:6:wifi_scan_stop	8	static
../wifi/wifidriver/wifi.c:1998:13:wifi_scan_task	40	static
../wifi/wifidriver/wifi.c:2057:13:wifi_powersave_task	32	static
../wifi/wifidriver/wifi.c:2115:12:wifi_core_init	16	static
../wifi/wifidriver/wifi.c:2321:13:wifi_core_deinit	16	static
../wifi/wifidriver/wifi.c:2397:5:wifi_init	24	static
../wifi/wifidriver/wifi.c:2631:6:wifi_deinit	8	static
../wifi/wifidriver/wifi.c:2649:6:wifi_fw_is_hang	8	static
../wifi/wifidriver/wifi.c:2656:6:wifi_destroy_wifidriver_tasks	8	static
../wifi/wifidriver/wifi.c:2676:6:wifi_set_tx_status	16	static
../wifi/wifidriver/wifi.c:2681:6:wifi_set_rx_status	16	static
../wifi/wifidriver/wifi.c:2686:6:wifi_set_packet_retry_count	16	static
../wifi/wifidriver/wifi.c:2692:6:wifi_sta_ampdu_tx_enable	4	static
../wifi/wifidriver/wifi.c:2697:6:wifi_sta_ampdu_tx_disable	4	static
../wifi/wifidriver/wifi.c:2702:6:wifi_sta_ampdu_tx_enable_per_tid	16	static
../wifi/wifidriver/wifi.c:2707:6:wifi_sta_ampdu_tx_enable_per_tid_is_allowed	16	static
../wifi/wifidriver/wifi.c:2733:6:wifi_sta_ampdu_rx_enable	4	static
../wifi/wifidriver/wifi.c:2738:6:wifi_sta_ampdu_rx_disable	4	static
../wifi/wifidriver/wifi.c:2743:6:wifi_sta_ampdu_rx_enable_per_tid	16	static
../wifi/wifidriver/wifi.c:2748:6:wifi_sta_ampdu_rx_enable_per_tid_is_allowed	16	static
../wifi/wifidriver/wifi.c:2774:6:wifi_uap_ampdu_tx_enable	4	static
../wifi/wifidriver/wifi.c:2779:6:wifi_uap_ampdu_tx_disable	4	static
../wifi/wifidriver/wifi.c:2784:6:wifi_uap_ampdu_tx_enable_per_tid	16	static
../wifi/wifidriver/wifi.c:2789:6:wifi_uap_ampdu_tx_enable_per_tid_is_allowed	16	static
../wifi/wifidriver/wifi.c:2815:6:wifi_uap_ampdu_rx_enable	4	static
../wifi/wifidriver/wifi.c:2820:6:wifi_uap_ampdu_rx_disable	4	static
../wifi/wifidriver/wifi.c:2825:6:wifi_uap_ampdu_rx_enable_per_tid	16	static
../wifi/wifidriver/wifi.c:2830:6:wifi_uap_ampdu_rx_enable_per_tid_is_allowed	16	static
../wifi/wifidriver/wifi.c:2855:5:wifi_register_data_input_callback	16	static
../wifi/wifidriver/wifi.c:2888:6:wifi_deregister_data_input_callback	4	static
../wifi/wifidriver/wifi.c:2893:5:wifi_register_amsdu_data_input_callback	16	static
../wifi/wifidriver/wifi.c:2907:6:wifi_deregister_amsdu_data_input_callback	4	static
../wifi/wifidriver/wifi.c:2912:5:wifi_register_deliver_packet_above_callback	16	static
../wifi/wifidriver/wifi.c:2926:6:wifi_deregister_deliver_packet_above_callback	4	static
../wifi/wifidriver/wifi.c:2931:5:wifi_register_wrapper_net_is_ip_or_ipv6_callback	16	static
../wifi/wifidriver/wifi.c:2943:6:wifi_deregister_wrapper_net_is_ip_or_ipv6_callback	4	static
../wifi/wifidriver/wifi.c:3607:12:wifi_low_level_input	24	static
../wifi/wifidriver/wifi.c:3688:6:wifi_tx_card_awake_lock	16	static
../wifi/wifidriver/wifi.c:3710:6:wifi_tx_card_awake_unlock	8	static
../wifi/wifidriver/wifi.c:3732:6:wifi_wmm_init	32	static
../wifi/wifidriver/wifi.c:3755:7:wifi_wmm_get_pkt_prio	48	static
../wifi/wifidriver/wifi.c:3802:13:wifi_wmm_get_packet_cnt	4	static
../wifi/wifidriver/wifi.c:3901:6:wifi_txbuf_available	8	static
../wifi/wifidriver/wifi.c:3910:20:wifi_is_max_tx_cnt	16	static
../wifi/wifidriver/wifi.c:3920:20:wifi_xmit_pkts	32	static
../wifi/wifidriver/wifi.c:3971:20:wifi_xmit_ralist_pkts	32	static
../wifi/wifidriver/wifi.c:4013:12:wifi_xmit_wmm_ac_pkts_enh	40	static
../wifi/wifidriver/wifi.c:4058:8:wlan_process_bypass_txq	32	static
../wifi/wifidriver/wifi.c:4148:5:send_wifi_driver_tx_data_event	24	static
../wifi/wifidriver/wifi.c:4171:5:send_wifi_driver_tx_null_data_event	24	static
../wifi/wifidriver/wifi.c:4191:5:send_wifi_driver_bypass_data_event	24	static
../wifi/wifidriver/wifi.c:4211:13:wifi_drv_tx_task	48	static
../wifi/wifidriver/wifi.c:4479:5:wifi_add_to_bypassq	64	static
../wifi/wifidriver/wifi.c:4529:5:wifi_low_level_output	48	static
../wifi/wifidriver/wifi.c:4840:10:wifi_get_outbuf	16	static
../wifi/wifidriver/wifi.c:4959:12:raw_low_level_output	48	static
../wifi/wifidriver/wifi.c:5049:5:wifi_inject_frame	24	static
../wifi/wifidriver/wifi.c:5100:5:wifi_set_country_code	24	static
../wifi/wifidriver/wifi.c:5142:5:wifi_get_country_code	16	static
../wifi/wifidriver/wifi.c:5149:5:wifi_create_dnld_countryinfo	16	static
../wifi/wifidriver/wifi.c:5172:5:wifi_set_country_ie_ignore	16	static
../wifi/wifidriver/wifi.c:5508:5:wifi_supp_inject_frame	24	static
../wifi/wifidriver/wifi.c:5518:6:wifi_is_remain_on_channel	4	static
../wifi/wifidriver/wifi.c:5523:5:wifi_remain_on_channel	32	static
../wifi/wifidriver/wifi.c:5573:5:wifi_imu_get_task_lock	8	static
../wifi/wifidriver/wifi.c:5578:5:wifi_imu_put_task_lock	8	static
../wifi/wifidriver/wifi.c:5589:5:register_csi_user_callback	16	static
../wifi/wifidriver/wifi.c:5596:5:unregister_csi_user_callback	4	static
../wifi/wifidriver/wifi.c:5603:6:process_csi_info_callback	16	static
../wifi/wifidriver/wifi.c:5611:6:csi_local_buff_init	8	static
../wifi/wifidriver/wifi.c:5623:6:csi_save_data_to_local_buff	16	static
../wifi/wifidriver/wifi.c:5643:6:csi_deliver_data_to_user	24	static
