../wifi/wifidriver/wifi_pwrmgr.c:43:6:wifi_set_ps_cfg	24	static
../wifi/wifidriver/wifi_pwrmgr.c:59:6:wifi_configure_null_pkt_interval	24	static
../wifi/wifidriver/wifi_pwrmgr.c:65:6:wifi_configure_listen_interval	32	static
../wifi/wifidriver/wifi_pwrmgr.c:81:6:wifi_configure_delay_to_ps	24	static
../wifi/wifidriver/wifi_pwrmgr.c:88:6:wifi_configure_idle_time	24	static
../wifi/wifidriver/wifi_pwrmgr.c:100:16:wifi_get_listen_interval	16	static
../wifi/wifidriver/wifi_pwrmgr.c:107:14:wifi_get_delay_to_ps	16	static
../wifi/wifidriver/wifi_pwrmgr.c:114:14:wifi_get_idle_time	16	static
../wifi/wifidriver/wifi_pwrmgr.c:289:12:wifi_send_power_save_command	40	static
../wifi/wifidriver/wifi_pwrmgr.c:331:5:wifi_enter_ieee_power_save	8	static
../wifi/wifidriver/wifi_pwrmgr.c:336:5:wifi_exit_ieee_power_save	8	static
../wifi/wifidriver/wifi_pwrmgr.c:355:5:wifi_enter_deepsleep_power_save	16	static
../wifi/wifidriver/wifi_pwrmgr.c:362:5:wifi_exit_deepsleep_power_save	16	static
../wifi/wifidriver/wifi_pwrmgr.c:368:5:wifi_set_power_save_mode	16	static
../wifi/wifidriver/wifi_pwrmgr.c:378:5:wifi_uap_ps_inactivity_sleep_enter	56	static
../wifi/wifidriver/wifi_pwrmgr.c:402:5:wifi_uap_ps_inactivity_sleep_exit	16	static
../wifi/wifidriver/wifi_pwrmgr.c:407:6:send_sleep_confirm_command	24	static
../wifi/wifidriver/wifi_pwrmgr.c:496:24:wifi_process_ps_enh_response	40	static
