C:\Users\fcoda\Documents\MCUXpressoIDE_25.6.136\workspace\frdmrw612_wifi_mqtt\CMSIS/core_cm33.h:2358:22:__NVIC_EnableIRQ	16	static
C:\Users\fcoda\Documents\MCUXpressoIDE_25.6.136\workspace\frdmrw612_wifi_mqtt\CMSIS/core_cm33.h:2396:22:__NVIC_DisableIRQ	16	static
C:\Users\fcoda\Documents\MCUXpressoIDE_25.6.136\workspace\frdmrw612_wifi_mqtt\CMSIS/core_cm33.h:2449:22:__NVIC_ClearPendingIRQ	16	static
C:\Users\fcoda\Documents\MCUXpressoIDE_25.6.136\workspace\frdmrw612_wifi_mqtt\CMSIS/core_cm33.h:2555:22:__NVIC_SetPriority	16	static
C:\Users\fcoda\Documents\MCUXpressoIDE_25.6.136\workspace\frdmrw612_wifi_mqtt\drivers/fsl_common_arm.h:678:24:EnableIRQ	24	static
C:\Users\fcoda\Documents\MCUXpressoIDE_25.6.136\workspace\frdmrw612_wifi_mqtt\drivers/fsl_common_arm.h:728:24:DisableIRQ	24	static
C:\Users\fcoda\Documents\MCUXpressoIDE_25.6.136\workspace\frdmrw612_wifi_mqtt\drivers/fsl_power.h:379:22:PMU_EnableWlanWakeup	16	static
C:\Users\fcoda\Documents\MCUXpressoIDE_25.6.136\workspace\frdmrw612_wifi_mqtt\drivers/fsl_power.h:388:22:PMU_DisableWlanWakeup	16	static
../wifi/wifidriver/wifi-imu.c:147:13:wifi_init_imulink	8	static
../wifi/wifidriver/wifi-imu.c:154:27:wifi_send_fw_cmd	32	static
../wifi/wifidriver/wifi-imu.c:189:27:wifi_send_fw_data	16	static
../wifi/wifidriver/wifi-imu.c:203:5:wifi_imu_lock	8	static
../wifi/wifidriver/wifi-imu.c:208:6:wifi_imu_unlock	8	static
../wifi/wifidriver/wifi-imu.c:213:10:wifi_get_device_value1	4	static
../wifi/wifidriver/wifi-imu.c:218:5:wifi_get_device_mac_addr	16	static
../wifi/wifidriver/wifi-imu.c:224:5:wifi_get_device_uap_mac_addr	16	static
../wifi/wifidriver/wifi-imu.c:230:5:wifi_get_device_wfd_mac_addr	16	static
../wifi/wifidriver/wifi-imu.c:236:5:wifi_get_device_firmware_version_ext	16	static
../wifi/wifidriver/wifi-imu.c:243:12:wlan_init_struct	16	static
../wifi/wifidriver/wifi-imu.c:256:12:wlan_deinit_struct	24	static
../wifi/wifidriver/wifi-imu.c:275:5:raw_process_pkt_hdrs	40	static
../wifi/wifidriver/wifi-imu.c:305:6:process_pkt_hdrs	40	static
../wifi/wifidriver/wifi-imu.c:360:6:process_pkt_hdrs_flags	24	static
../wifi/wifidriver/wifi-imu.c:366:5:bus_register_event_queue	16	static
../wifi/wifidriver/wifi-imu.c:376:6:bus_deregister_event_queue	4	static
../wifi/wifidriver/wifi-imu.c:382:5:bus_register_data_input_function	16	static
../wifi/wifidriver/wifi-imu.c:394:6:bus_deregister_data_input_funtion	4	static
../wifi/wifidriver/wifi-imu.c:404:20:wlan_handle_vdllv2_event_packet	24	static
../wifi/wifidriver/wifi-imu.c:428:13:wlan_handle_cmd_resp_packet	40	static
../wifi/wifidriver/wifi-imu.c:552:20:wlan_decode_rx_packet	48	static
../wifi/wifidriver/wifi-imu.c:640:21:wlan_get_next_seq_num	4	static
../wifi/wifidriver/wifi-imu.c:646:12:_wlan_set_cal_data	16	static
../wifi/wifidriver/wifi-imu.c:684:12:wlan_get_hw_spec	16	static
../wifi/wifidriver/wifi-imu.c:699:12:wlan_get_mac_addr_sta	16	static
../wifi/wifidriver/wifi-imu.c:717:12:wlan_get_mac_addr_uap	16	static
../wifi/wifidriver/wifi-imu.c:761:12:wlan_get_fw_ver_ext	24	static
../wifi/wifidriver/wifi-imu.c:780:12:wlan_get_value1	16	static
../wifi/wifidriver/wifi-imu.c:796:12:_wlan_set_mac_addr	16	static
../wifi/wifidriver/wifi-imu.c:813:12:wlan_set_11n_cfg	8	static
../wifi/wifidriver/wifi-imu.c:900:12:wlan_set_mac_ctrl	16	static
../wifi/wifidriver/wifi-imu.c:917:12:wlan_cmd_init	8	static
../wifi/wifidriver/wifi-imu.c:957:12:wlan_wait_for_last_resp_rcvd	32	static
../wifi/wifidriver/wifi-imu.c:980:12:wlan_fw_init_cfg	8	static
../wifi/wifidriver/wifi-imu.c:1167:5:wlan_send_imu_cmd	24	static
../wifi/wifidriver/wifi-imu.c:1184:5:wifi_send_cmdbuffer	8	static
../wifi/wifidriver/wifi-imu.c:1189:10:wifi_get_imu_outbuf	16	static
../wifi/wifidriver/wifi-imu.c:1201:13:wlan_xmit_pkt	40	static
../wifi/wifidriver/wifi-imu.c:1235:13:wlan_xmit_bypass_pkt	32	static
../wifi/wifidriver/wifi-imu.c:1274:13:wlan_xmit_wmm_pkt	32	static
../wifi/wifidriver/wifi-imu.c:1332:13:wlan_flush_wmm_pkt	24	static
../wifi/wifidriver/wifi-imu.c:1437:13:wlan_send_null_packet	56	static
../wifi/wifidriver/wifi-imu.c:1462:20:imumc_cmdrsp_handler	16	static
../wifi/wifidriver/wifi-imu.c:1491:20:imumc_event_handler	16	static
../wifi/wifidriver/wifi-imu.c:1527:20:imumc_rxpkt_handler	40	static
../wifi/wifidriver/wifi-imu.c:1595:13:imu_fw_is_hang	16	static
../wifi/wifidriver/wifi-imu.c:1605:20:imumc_ctrl_handler	24	static
../wifi/wifidriver/wifi-imu.c:1650:6:imu_wakeup_card	8	static
../wifi/wifidriver/wifi-imu.c:1656:6:W2MWKUP_DONE0_DriverIRQHandler	16	static
../wifi/wifidriver/wifi-imu.c:1667:6:mlan_init_wakeup_irq	8	static
../wifi/wifidriver/wifi-imu.c:1676:6:mlan_deinit_wakeup_irq	8	static
../wifi/wifidriver/wifi-imu.c:1684:13:imu_wifi_init	40	static
../wifi/wifidriver/wifi-imu.c:1789:6:imu_wifi_deinit	16	static
../wifi/wifidriver/wifi-imu.c:1815:6:imu_uninstall_callback	8	static
../wifi/wifidriver/wifi-imu.c:1823:21:wifi_get_command_buffer	4	static
../wifi/wifidriver/wifi-imu.c:1834:5:imu_create_task_lock	16	static
../wifi/wifidriver/wifi-imu.c:1848:6:imu_delete_task_lock	8	static
../wifi/wifidriver/wifi-imu.c:1853:5:imu_get_task_lock	16	static
../wifi/wifidriver/wifi-imu.c:1867:5:imu_put_task_lock	16	static
