../wifi/wifidriver/wifi-uap.c:54:13:wifi_check_11ac_capability	24	static
../wifi/wifidriver/wifi-uap.c:95:12:wifi_uap_set_11ac_status	56	static
../wifi/wifidriver/wifi-uap.c:168:13:wifi_check_11ax_capability	24	static
../wifi/wifidriver/wifi-uap.c:207:5:wifi_uap_set_11ax_status	80	static
../wifi/wifidriver/wifi-uap.c:275:6:wifi_uap_clear_domain_info	24	static
../wifi/wifidriver/wifi-uap.c:292:5:wifi_uap_prepare_and_send_cmd	48	static
../wifi/wifidriver/wifi-uap.c:333:5:wifi_uap_downld_domain_params	80	static
../wifi/wifidriver/wifi-uap.c:415:12:wifi_cmd_uap_config	1248	static
../wifi/wifidriver/wifi-uap.c:831:5:wifi_uap_enable_11d_support	4	static
../wifi/wifidriver/wifi-uap.c:840:5:wifi_uap_ctrl_deauth	40	static
../wifi/wifidriver/wifi-uap.c:847:6:wifi_uap_set_beacon_period	16	static
../wifi/wifidriver/wifi-uap.c:852:5:wifi_uap_set_bandwidth	16	static
../wifi/wifidriver/wifi-uap.c:866:6:wifi_uap_get_bandwidth	4	static
../wifi/wifidriver/wifi-uap.c:871:6:wifi_uap_set_hidden_ssid	16	static
../wifi/wifidriver/wifi-uap.c:876:6:wifi_uap_set_ecsa	4	static
../wifi/wifidriver/wifi-uap.c:883:6:wifi_uap_set_htcapinfo	16	static
../wifi/wifidriver/wifi-uap.c:888:6:wifi_uap_set_httxcfg	16	static
../wifi/wifidriver/wifi-uap.c:1000:6:wifi_uap_config_wifi_capa	16	static
../wifi/wifidriver/wifi-uap.c:1052:5:wifi_uap_start	288	static
../wifi/wifidriver/wifi-uap.c:1143:5:wifi_uap_bss_sta_list	40	static
../wifi/wifidriver/wifi-uap.c:1171:5:wifi_sta_deauth	48	static
../wifi/wifidriver/wifi-uap.c:1194:5:wifi_uap_stop	32	static
../wifi/wifidriver/wifi-uap.c:1258:5:wifi_uap_do_acs	120	static
../wifi/wifidriver/wifi-uap.c:1474:6:wifi_uap_handle_cmd_resp	112	static
../wifi/wifidriver/wifi-uap.c:1637:5:wifi_uap_rates_getset	40	static
../wifi/wifidriver/wifi-uap.c:1679:5:wifi_uap_mcbc_rate_getset	40	static
../wifi/wifidriver/wifi-uap.c:1717:5:wifi_uap_tx_power_getset	40	static
../wifi/wifidriver/wifi-uap.c:1754:5:wifi_uap_sta_ageout_timer_getset	40	static
../wifi/wifidriver/wifi-uap.c:1791:5:wifi_uap_ps_sta_ageout_timer_getset	40	static
../wifi/wifidriver/wifi-uap.c:1828:5:wifi_uap_group_rekey_timer_getset	40	static
../wifi/wifidriver/wifi-uap.c:1866:12:wifi_send_uap_get_channel_cmd	48	static
../wifi/wifidriver/wifi-uap.c:1888:12:wifi_send_uap_max_sta_num_cmd	48	static
../wifi/wifidriver/wifi-uap.c:1919:5:wifi_get_uap_max_clients	16	static
../wifi/wifidriver/wifi-uap.c:1924:5:wifi_set_uap_max_clients	16	static
../wifi/wifidriver/wifi-uap.c:1934:5:wifi_get_uap_channel	16	static
../wifi/wifidriver/wifi-uap.c:1939:5:wifi_uap_pmf_getset	40	static
../wifi/wifidriver/wifi-uap.c:1979:5:wifi_uap_get_pmfcfg	16	static
