../lwip/src/core/ipv4/dhcp.c:288:1:dhcp_inc_pcb_refcount	8	static
../lwip/src/core/ipv4/dhcp.c:315:1:dhcp_dec_pcb_refcount	8	static
../lwip/src/core/ipv4/dhcp.c:346:1:dhcp_handle_nak	24	static
../lwip/src/core/ipv4/dhcp.c:436:1:dhcp_handle_offer	24	static
../lwip/src/core/ipv4/dhcp.c:470:1:dhcp_select	56	static
../lwip/src/core/ipv4/dhcp.c:535:1:dhcp_coarse_tmr	16	static
../lwip/src/core/ipv4/dhcp.c:576:1:dhcp_fine_tmr	16	static
../lwip/src/core/ipv4/dhcp.c:637:1:dhcp_timeout	24	static
../lwip/src/core/ipv4/dhcp.c:671:1:dhcp_t1_timeout	24	static
../lwip/src/core/ipv4/dhcp.c:698:1:dhcp_t2_timeout	24	static
../lwip/src/core/ipv4/dhcp.c:724:1:dhcp_handle_ack	48	static
../lwip/src/core/ipv4/dhcp.c:815:1:dhcp_set_struct	16	static
../lwip/src/core/ipv4/dhcp.c:839:6:dhcp_cleanup	24	static
../lwip/src/core/ipv4/dhcp.c:868:1:dhcp_start	24	static
../lwip/src/core/ipv4/dhcp.c:953:1:dhcp_inform	112	static
../lwip/src/core/ipv4/dhcp.c:997:1:dhcp_network_changed_link_up	24	static
../lwip/src/core/ipv4/dhcp.c:1078:1:dhcp_discover	48	static
../lwip/src/core/ipv4/dhcp.c:1143:1:dhcp_bind	48	static
../lwip/src/core/ipv4/dhcp.c:1218:1:dhcp_renew	48	static
../lwip/src/core/ipv4/dhcp.c:1275:1:dhcp_rebind	48	static
../lwip/src/core/ipv4/dhcp.c:1330:1:dhcp_reboot	56	static
../lwip/src/core/ipv4/dhcp.c:1389:1:dhcp_release_and_stop	72	static
../lwip/src/core/ipv4/dhcp.c:1465:1:dhcp_release	16	static
../lwip/src/core/ipv4/dhcp.c:1477:1:dhcp_stop	16	static
../lwip/src/core/ipv4/dhcp.c:1488:1:dhcp_set_state	16	static
../lwip/src/core/ipv4/dhcp.c:1503:1:dhcp_option	16	static
../lwip/src/core/ipv4/dhcp.c:1515:1:dhcp_option_byte	16	static
../lwip/src/core/ipv4/dhcp.c:1523:1:dhcp_option_short	16	static
../lwip/src/core/ipv4/dhcp.c:1532:1:dhcp_option_long	24	static
../lwip/src/core/ipv4/dhcp.c:1544:1:dhcp_option_hostname	40	static
../lwip/src/core/ipv4/dhcp.c:1578:1:dhcp_parse_reply	80	static
../lwip/src/core/ipv4/dhcp.c:1827:1:dhcp_recv	48	static
../lwip/src/core/ipv4/dhcp.c:1948:1:dhcp_create_msg	40	static
../lwip/src/core/ipv4/dhcp.c:2034:1:dhcp_option_trailer	24	static
../lwip/src/core/ipv4/dhcp.c:2054:1:dhcp_supplied_address	24	static
