../lwip/src/core/ipv4/igmp.c:121:1:igmp_init	4	static
../lwip/src/core/ipv4/igmp.c:135:1:igmp_start	24	static
../lwip/src/core/ipv4/igmp.c:167:1:igmp_stop	24	static
../lwip/src/core/ipv4/igmp.c:199:1:igmp_report_groups	24	static
../lwip/src/core/ipv4/igmp.c:225:1:igmp_lookfor_group	24	static
../lwip/src/core/ipv4/igmp.c:251:1:igmp_lookup_group	24	static
../lwip/src/core/ipv4/igmp.c:302:1:igmp_remove_group	24	static
../lwip/src/core/ipv4/igmp.c:330:1:igmp_input	40	static
../lwip/src/core/ipv4/igmp.c:460:1:igmp_joingroup	24	static
../lwip/src/core/ipv4/igmp.c:496:1:igmp_joingroup_netif	24	static
../lwip/src/core/ipv4/igmp.c:557:1:igmp_leavegroup	32	static
../lwip/src/core/ipv4/igmp.c:592:1:igmp_leavegroup_netif	24	static
../lwip/src/core/ipv4/igmp.c:663:1:igmp_tmr	16	static
../lwip/src/core/ipv4/igmp.c:705:1:igmp_timeout	16	static
../lwip/src/core/ipv4/igmp.c:730:1:igmp_start_timer	16	static
../lwip/src/core/ipv4/igmp.c:757:1:igmp_delaying_member	16	static
../lwip/src/core/ipv4/igmp.c:785:1:igmp_ip_output_if	56	static
../lwip/src/core/ipv4/igmp.c:802:1:igmp_send	40	static
