C:\Users\fcoda\Documents\MCUXpressoIDE_25.6.136\workspace\frdmrw612_wifi_mqtt\CMSIS/core_cm33.h:2358:22:__NVIC_EnableIRQ	16	static
../drivers/fsl_common_arm.h:678:24:EnableIRQ	24	static
../drivers/fsl_gdma.h:302:20:GDMA_StartChannel	16	static
../drivers/fsl_gdma.h:313:20:GDMA_StopChannel	16	static
../drivers/fsl_gdma.h:329:20:GDMA_IsChannelBusy	16	static
../drivers/fsl_gdma.h:341:20:GDMA_EnableChannelInterrupts	24	static
../drivers/fsl_gdma.h:353:20:GDMA_DisableChannelInterrupts	24	static
../drivers/fsl_gdma.h:365:24:GDMA_GetChannelInterruptFlags	16	static
../drivers/fsl_gdma.h:380:20:GDMA_ClearChannelInterruptFlags	24	static
../drivers/fsl_gdma.c:73:13:GDMA_VerifyTransferConfig	24	static
../drivers/fsl_gdma.c:121:6:GDMA_Init	16	static
../drivers/fsl_gdma.c:135:6:GDMA_Deinit	16	static
../drivers/fsl_gdma.c:158:10:GDMA_SetChannelTransferConfig	24	static
../drivers/fsl_gdma.c:214:6:GDMA_CreateHandle	24	static
../drivers/fsl_gdma.c:238:6:GDMA_SetCallback	24	static
../drivers/fsl_gdma.c:260:10:GDMA_SubmitTransfer	24	static
../drivers/fsl_gdma.c:286:6:GDMA_StartTransfer	16	static
../drivers/fsl_gdma.c:300:6:GDMA_AbortTransfer	16	static
../drivers/fsl_gdma.c:317:6:GDMA_IRQHandle	32	static
../drivers/fsl_gdma.c:367:6:GDMA_DriverIRQHandler	8	static
