C:\Users\fcoda\Documents\MCUXpressoIDE_25.6.136\workspace\frdmrw612_wifi_mqtt\CMSIS/core_cm33.h:2327:22:__NVIC_SetPriorityGrouping	24	static
C:\Users\fcoda\Documents\MCUXpressoIDE_25.6.136\workspace\frdmrw612_wifi_mqtt\CMSIS/core_cm33.h:2346:26:__NVIC_GetPriorityGrouping	4	static
../drivers/fsl_common_arm.h:908:24:DisableGlobalIRQ	16	static
../drivers/fsl_common_arm.h:934:20:EnableGlobalIRQ	24	static
../drivers/fsl_power.c:580:6:POWER_SetSleepMode	16	static
../drivers/fsl_power.c:1083:6:POWER_EnterPowerMode	24	static
../drivers/fsl_power.c:1291:6:POWER_DisableGDetVSensors	32	static
../drivers/fsl_power.c:1365:6:POWER_EnableGDetVSensors	32	static
../drivers/fsl_power.c:134:1:POWER_Delay	16	static
../drivers/fsl_power.c:148:1:POWER_DelayUs	24	static
../drivers/fsl_power.c:158:13:POWER_GetThresholdParams	24	static
../drivers/fsl_power.c:202:13:POWER_SaveNvicState	24	static
../drivers/fsl_power.c:245:13:POWER_RestoreNvicState	24	static
../drivers/fsl_power.c:288:1:POWER_SaveGdetVSensorConfig	4	static
../drivers/fsl_power.c:302:1:POWER_RestoreGdetVSensorConfig	4	static
../drivers/fsl_power.c:320:6:CAPTIMER_DriverIRQHandler	8	static
../drivers/fsl_power.c:336:6:POWER_GetWakeupStatus	24	static
../drivers/fsl_power.c:400:6:POWER_ClearWakeupStatus	24	static
../drivers/fsl_power.c:460:6:POWER_EnableWakeup	24	static
../drivers/fsl_power.c:520:6:POWER_DisableWakeup	24	static
../drivers/fsl_power.c:602:1:Power_ConfigClkGate	24	static
../drivers/fsl_power.c:617:1:deinitXip	4	static
../drivers/fsl_power.c:633:1:initFlexSPI	32	static
../drivers/fsl_power.c:694:1:initXip	8	static
../drivers/fsl_power.c:705:6:POWER_ConfigCauInSleep	16	static
../drivers/fsl_power.c:726:1:POWER_PrePowerMode	24	static
../drivers/fsl_power.c:802:1:POWER_PostPowerMode	16	static
../drivers/fsl_power.c:843:1:POWER_EnterPm3Asm	24	static
../drivers/fsl_power.c:947:13:POWER_InitVSensorThreshold	64	static
../drivers/fsl_power.c:1013:6:POWER_GetCurrentSleepConfig	16	static
../drivers/fsl_power.c:1024:6:POWER_InitPowerConfig	24	static
../drivers/fsl_power.c:1072:6:POWER_SetPowerSwitchCallback	24	static
../drivers/fsl_power.c:1114:6:POWER_PowerOnWlan	16	static
../drivers/fsl_power.c:1138:6:POWER_PowerOffWlan	16	static
../drivers/fsl_power.c:1159:6:POWER_PowerOnBle	16	static
../drivers/fsl_power.c:1182:6:POWER_PowerOffBle	16	static
../drivers/fsl_power.c:1203:6:POWER_PowerOnGau	4	static
../drivers/fsl_power.c:1211:6:POWER_PowerOffGau	4	static
../drivers/fsl_power.c:1216:6:POWER_EnableCaptSlowPulseTimer	24	static
../drivers/fsl_power.c:1230:6:POWER_EnableCaptFastPulseTimer	24	static
../drivers/fsl_power.c:1240:6:POWER_DisableCaptPulseTimer	4	static
../drivers/fsl_power.c:1245:6:Power_InitLoadGdetCfg	24	static
../drivers/fsl_power.c:1259:6:POWER_InitVoltage	24	static
../drivers/fsl_power.c:1440:10:POWER_TrimSvc	48	static
