C:\Users\fcoda\Documents\MCUXpressoIDE_25.6.136\workspace\frdmrw612_wifi_mqtt\CMSIS/core_cm33.h:2358:22:__NVIC_EnableIRQ	16	static
../drivers/fsl_common_arm.h:678:24:EnableIRQ	24	static
../drivers/fsl_flexspi.h:525:20:FLEXSPI_EnableInterrupts	16	static
../drivers/fsl_flexspi.h:536:20:FLEXSPI_DisableInterrupts	16	static
../drivers/fsl_flexspi.h:671:20:FLEXSPI_ClearInterruptStatusFlags	16	static
../drivers/fsl_flexspi.h:742:20:FLEXSPI_GetBusIdleStatus	16	static
../drivers/fsl_flexspi.c:127:13:FLEXSPI_Memset	32	static
../drivers/fsl_flexspi.c:148:13:FLEXSPI_CheckInputLutLocation	48	static
../drivers/fsl_flexspi.c:165:10:FLEXSPI_GetInstance	24	static
../drivers/fsl_flexspi.c:183:17:FLEXSPI_CalculateDll	40	static
../drivers/fsl_flexspi.c:248:10:FLEXSPI_CheckAndClearError	24	static
../drivers/fsl_flexspi.c:290:6:FLEXSPI_Init	32	static
../drivers/fsl_flexspi.c:416:6:FLEXSPI_GetDefaultConfig	24	static
../drivers/fsl_flexspi.c:483:6:FLEXSPI_Deinit	16	static
../drivers/fsl_flexspi.c:496:6:FLEXSPI_UpdateDllValue	40	static
../drivers/fsl_flexspi.c:558:6:FLEXSPI_SetFlashConfig	32	static
../drivers/fsl_flexspi.c:650:6:FLEXSPI_SoftwareReset	16	static
../drivers/fsl_flexspi.c:691:6:FLEXSPI_UpdateAhbBuffersSettings	32	static
../drivers/fsl_flexspi.c:732:6:FLEXSPI_UpdateLUT	32	static
../drivers/fsl_flexspi.c:773:6:FLEXSPI_UpdateRxSampleClock	24	static
../drivers/fsl_flexspi.c:802:10:FLEXSPI_WriteBlocking	48	static
../drivers/fsl_flexspi.c:881:10:FLEXSPI_ReadBlocking	48	static
../drivers/fsl_flexspi.c:986:10:FLEXSPI_TransferBlocking	24	static
../drivers/fsl_flexspi.c:1064:6:FLEXSPI_TransferCreateHandle	32	static
../drivers/fsl_flexspi.c:1105:10:FLEXSPI_TransferNonBlocking	32	static
../drivers/fsl_flexspi.c:1189:10:FLEXSPI_TransferGetCount	32	static
../drivers/fsl_flexspi.c:1216:6:FLEXSPI_TransferAbort	16	static
../drivers/fsl_flexspi.c:1230:6:FLEXSPI_TransferHandleIRQ	72	static
../drivers/fsl_flexspi.c:1435:6:FLEXSPI_DriverIRQHandler	8	static
