../drivers/fsl_clock.h:755:24:CLOCK_GetSysOscFreq	4	static
../drivers/fsl_clock.h:763:24:CLOCK_GetMclkInClkFreq	4	static
../drivers/fsl_clock.h:771:24:CLOCK_GetLpOscFreq	4	static
../drivers/fsl_clock.h:779:24:CLOCK_GetClk32KFreq	4	static
../drivers/fsl_clock.c:100:13:CLOCK_Delay	16	static
../drivers/fsl_clock.c:114:13:CLOCK_DelayUs	24	static
../drivers/fsl_clock.c:127:10:CLOCK_GetT3PllMciIrcClkFreq	16	static
../drivers/fsl_clock.c:151:10:CLOCK_GetT3PllMci213mClkFreq	16	static
../drivers/fsl_clock.c:160:10:CLOCK_GetT3PllMci256mClkFreq	16	static
../drivers/fsl_clock.c:169:10:CLOCK_GetT3PllMciFlexspiClkFreq	16	static
../drivers/fsl_clock.c:176:17:CLOCK_GetTcpuFvcoFreq	16	static
../drivers/fsl_clock.c:206:10:CLOCK_GetTcpuMciClkFreq	16	static
../drivers/fsl_clock.c:215:10:CLOCK_GetTcpuMciFlexspiClkFreq	16	static
../drivers/fsl_clock.c:226:10:CLOCK_GetTddrMciFlexspiClkFreq	16	static
../drivers/fsl_clock.c:237:10:CLOCK_GetTddrMciEnetClkFreq	16	static
../drivers/fsl_clock.c:248:6:CLOCK_EnableClock	24	static
../drivers/fsl_clock.c:308:6:CLOCK_DisableClock	24	static
../drivers/fsl_clock.c:359:6:CLOCK_AttachClk	32	static
../drivers/fsl_clock.c:408:6:CLOCK_SetClkDiv	24	static
../drivers/fsl_clock.c:440:10:CLOCK_GetFreq	24	static
../drivers/fsl_clock.c:462:10:CLOCK_GetFFroFreq	8	static
../drivers/fsl_clock.c:470:10:CLOCK_GetSFroFreq	8	static
../drivers/fsl_clock.c:478:10:CLOCK_GetAvPllCh1Freq	24	static
../drivers/fsl_clock.c:500:10:CLOCK_GetAvPllCh2Freq	24	static
../drivers/fsl_clock.c:519:17:CLOCK_GetMainPllClkFreq	8	static
../drivers/fsl_clock.c:524:17:CLOCK_GetAux0PllClkFreq	8	static
../drivers/fsl_clock.c:529:17:CLOCK_GetAux1PllClkFreq	8	static
../drivers/fsl_clock.c:534:17:CLOCK_GetAudioPllClkFreq	8	static
../drivers/fsl_clock.c:543:10:CLOCK_GetMainClkFreq	16	static
../drivers/fsl_clock.c:594:10:CLOCK_GetCoreSysClkFreq	8	static
../drivers/fsl_clock.c:602:10:CLOCK_GetSystickClkFreq	16	static
../drivers/fsl_clock.c:636:10:CLOCK_GetFRGClock	80	static
../drivers/fsl_clock.c:692:6:CLOCK_SetFRGClock	24	static
../drivers/fsl_clock.c:718:10:CLOCK_GetDmicClkFreq	16	static
../drivers/fsl_clock.c:763:10:CLOCK_GetLcdClkFreq	16	static
../drivers/fsl_clock.c:796:10:CLOCK_GetWdtClkFreq	16	static
../drivers/fsl_clock.c:821:10:CLOCK_GetMclkClkFreq	16	static
../drivers/fsl_clock.c:846:10:CLOCK_GetSctClkFreq	16	static
../drivers/fsl_clock.c:888:10:CLOCK_GetFlexCommClkFreq	24	static
../drivers/fsl_clock.c:940:10:CLOCK_GetCTimerClkFreq	24	static
../drivers/fsl_clock.c:983:10:CLOCK_GetUtickClkFreq	16	static
../drivers/fsl_clock.c:1008:10:CLOCK_GetFlexspiClkFreq	16	static
../drivers/fsl_clock.c:1053:10:CLOCK_GetUsimClkFreq	16	static
../drivers/fsl_clock.c:1082:10:CLOCK_GetGauClkFreq	16	static
../drivers/fsl_clock.c:1111:10:CLOCK_GetOSTimerClkFreq	16	static
../drivers/fsl_clock.c:1144:6:CLOCK_EnableXtal32K	16	static
../drivers/fsl_clock.c:1165:6:CLOCK_EnableRtc32K	16	static
../drivers/fsl_clock.c:1177:17:CLOCK_CfgTcpuRefClk	24	static
../drivers/fsl_clock.c:1223:10:CLOCK_InitTcpuRefClk	24	static
../drivers/fsl_clock.c:1248:6:CLOCK_DeinitTcpuRefClk	8	static
../drivers/fsl_clock.c:1266:6:CLOCK_InitTddrRefClk	16	static
../drivers/fsl_clock.c:1288:6:CLOCK_DeinitTddrRefClk	8	static
../drivers/fsl_clock.c:1306:6:CLOCK_InitT3RefClk	24	static
../drivers/fsl_clock.c:1335:6:CLOCK_DeinitT3RefClk	8	static
../drivers/fsl_clock.c:1350:13:CLOCK_ConfigAvPll	40	static
../drivers/fsl_clock.c:1387:13:CLOCK_ConfigAvPllCh1	16	static
../drivers/fsl_clock.c:1402:13:CLOCK_ConfigAvPllCh2	16	static
../drivers/fsl_clock.c:1414:13:CLOCK_PowerUpAnaGrp	16	static
../drivers/fsl_clock.c:1425:13:CLOCK_PowerDownAnaGrp	16	static
../drivers/fsl_clock.c:1440:6:CLOCK_EnableAvPllCh	24	static
../drivers/fsl_clock.c:1528:6:CLOCK_DisableAvPllCh	16	static
../drivers/fsl_clock.c:1550:6:CLOCK_InitAvPll	16	static
../drivers/fsl_clock.c:1585:6:CLOCK_DeinitAvPll	8	static
../drivers/fsl_clock.c:1611:6:CLOCK_ConfigAvPllCh	24	static
../drivers/fsl_clock.c:1649:6:CLOCK_EnableUsbhsPhyClock	16	static
../drivers/fsl_clock.c:1688:6:CLOCK_DisableUsbhsPhyClock	16	static
