../source/webconfig.c:84:12:CGI_HandleGet	80	static
../source/webconfig.c:133:12:CGI_HandlePost	512	static
../source/webconfig.c:260:12:CGI_HandleReset	104	static
../source/webconfig.c:304:12:CGI_HandleStatus	360	static
../source/webconfig.c:352:13:LinkStatusChangeCallback	16	static
../source/webconfig.c:371:13:main_task	192	static
../source/webconfig.c:474:17:SetBoardToAP	32	static
../source/webconfig.c:502:17:CleanUpAP	8	static
../source/webconfig.c:519:17:SetBoardToClient	32	static
../source/webconfig.c:597:17:CleanUpClient	8	static
