C:\Users\fcoda\Documents\MCUXpressoIDE_25.6.136\workspace\frdmrw612_wifi_mqtt\drivers/fsl_common_arm.h:908:24:DisableGlobalIRQ	16	static
C:\Users\fcoda\Documents\MCUXpressoIDE_25.6.136\workspace\frdmrw612_wifi_mqtt\drivers/fsl_common_arm.h:934:20:EnableGlobalIRQ	24	static
../component/osa/fsl_os_abstraction_free_rtos.c:99:18:main_task	16	static
../component/osa/fsl_os_abstraction_free_rtos.c:142:7:OSA_MemoryAllocate	24	static
../component/osa/fsl_os_abstraction_free_rtos.c:165:6:OSA_MemoryFree	16	static
../component/osa/fsl_os_abstraction_free_rtos.c:172:7:OSA_MemoryAllocateAlign	32	static
../component/osa/fsl_os_abstraction_free_rtos.c:218:6:OSA_MemoryFreeAlign	24	static
../component/osa/fsl_os_abstraction_free_rtos.c:238:6:OSA_EnterCritical	24	static
../component/osa/fsl_os_abstraction_free_rtos.c:254:6:OSA_ExitCritical	24	static
../component/osa/fsl_os_abstraction_free_rtos.c:276:6:startup_task	16	static
../component/osa/fsl_os_abstraction_free_rtos.c:288:19:OSA_TaskGetCurrentHandle	24	static
../component/osa/fsl_os_abstraction_free_rtos.c:315:6:OSA_TaskYield	8	static
../component/osa/fsl_os_abstraction_free_rtos.c:328:21:OSA_TaskGetPriority	24	static
../component/osa/fsl_os_abstraction_free_rtos.c:343:14:OSA_TaskSetPriority	24	static
../component/osa/fsl_os_abstraction_free_rtos.c:364:14:OSA_TaskCreate	56	static
../component/osa/fsl_os_abstraction_free_rtos.c:435:14:OSA_TaskDestroy	32	static
../component/osa/fsl_os_abstraction_free_rtos.c:465:6:OSA_TimeDelay	16	static
../component/osa/fsl_os_abstraction_free_rtos.c:476:10:OSA_TimeGetMsec	40	static
../component/osa/fsl_os_abstraction_free_rtos.c:500:14:OSA_SemaphorePrecreate	16	static
../component/osa/fsl_os_abstraction_free_rtos.c:514:14:OSA_SemaphoreCreate	24	static
../component/osa/fsl_os_abstraction_free_rtos.c:551:14:OSA_SemaphoreCreateBinary	24	static
../component/osa/fsl_os_abstraction_free_rtos.c:588:14:OSA_SemaphoreDestroy	24	static
../component/osa/fsl_os_abstraction_free_rtos.c:610:14:OSA_SemaphoreWait	24	static
../component/osa/fsl_os_abstraction_free_rtos.c:646:14:OSA_SemaphorePost	32	static
../component/osa/fsl_os_abstraction_free_rtos.c:687:14:OSA_MutexCreate	24	static
../component/osa/fsl_os_abstraction_free_rtos.c:727:14:OSA_MutexLock	24	static
../component/osa/fsl_os_abstraction_free_rtos.c:760:14:OSA_MutexUnlock	24	static
../component/osa/fsl_os_abstraction_free_rtos.c:782:14:OSA_MutexDestroy	24	static
../component/osa/fsl_os_abstraction_free_rtos.c:799:14:OSA_EventPrecreate	16	static
../component/osa/fsl_os_abstraction_free_rtos.c:813:14:OSA_EventCreate	24	static
../component/osa/fsl_os_abstraction_free_rtos.c:849:14:OSA_EventSet	32	static
../component/osa/fsl_os_abstraction_free_rtos.c:887:14:OSA_EventClear	24	static
../component/osa/fsl_os_abstraction_free_rtos.c:921:14:OSA_EventGet	40	static
../component/osa/fsl_os_abstraction_free_rtos.c:966:14:OSA_EventWait	48	static
../component/osa/fsl_os_abstraction_free_rtos.c:1025:14:OSA_EventDestroy	24	static
../component/osa/fsl_os_abstraction_free_rtos.c:1046:14:OSA_MsgQCreate	32	static
../component/osa/fsl_os_abstraction_free_rtos.c:1086:14:OSA_MsgQPut	32	static
../component/osa/fsl_os_abstraction_free_rtos.c:1126:14:OSA_MsgQGet	40	static
../component/osa/fsl_os_abstraction_free_rtos.c:1161:5:OSA_MsgQAvailableMsgs	24	static
../component/osa/fsl_os_abstraction_free_rtos.c:1176:14:OSA_MsgQDestroy	24	static
../component/osa/fsl_os_abstraction_free_rtos.c:1191:6:OSA_InterruptEnable	16	static
../component/osa/fsl_os_abstraction_free_rtos.c:1217:6:OSA_InterruptDisable	16	static
../component/osa/fsl_os_abstraction_free_rtos.c:1239:6:OSA_EnableIRQGlobal	8	static
../component/osa/fsl_os_abstraction_free_rtos.c:1259:6:OSA_DisableIRQGlobal	8	static
../component/osa/fsl_os_abstraction_free_rtos.c:1278:6:OSA_DisableScheduler	8	static
../component/osa/fsl_os_abstraction_free_rtos.c:1290:6:OSA_EnableScheduler	8	static
../component/osa/fsl_os_abstraction_free_rtos.c:1301:6:OSA_InstallIntHandler	16	static
../component/osa/fsl_os_abstraction_free_rtos.c:1346:6:OSA_Init	8	static
../component/osa/fsl_os_abstraction_free_rtos.c:1361:6:OSA_Start	8	static
../component/osa/fsl_os_abstraction_free_rtos.c:1371:14:OSA_TaskNotifyGet	16	static
../component/osa/fsl_os_abstraction_free_rtos.c:1381:14:OSA_TaskNotifyPost	16	static
../component/osa/fsl_os_abstraction_free_rtos.c:1390:23:OSA_SemaphoreGetCount	16	static
