../lwip/src/core/dns.c:321:1:dns_init	8	static
../lwip/src/core/dns.c:367:1:dns_setserver	24	static
../lwip/src/core/dns.c:387:1:dns_getserver	16	static
../lwip/src/core/dns.c:412:1:dns_tmr	8	static
../lwip/src/core/dns.c:653:1:dns_lookup	32	static
../lwip/src/core/dns.c:705:1:dns_compare_name	40	static
../lwip/src/core/dns.c:762:1:dns_skip_name	24	static
../lwip/src/core/dns.c:802:1:dns_send	72	static
../lwip/src/core/dns.c:996:1:dns_call_found	24	static
../lwip/src/core/dns.c:1054:1:dns_create_txid	16	static
../lwip/src/core/dns.c:1078:1:dns_backupserver_available	24	static
../lwip/src/core/dns.c:1101:1:dns_check_entry	24	static
../lwip/src/core/dns.c:1178:1:dns_check_entries	16	static
../lwip/src/core/dns.c:1191:1:dns_correct_response	24	static
../lwip/src/core/dns.c:1224:1:dns_recv	96	static
../lwip/src/core/dns.c:1429:1:dns_enqueue	48	static
../lwip/src/core/dns.c:1590:1:dns_gethostbyname	32	static
../lwip/src/core/dns.c:1611:1:dns_gethostbyname_addrtype	40	static
