../lwip/src/core/netif.c:163:1:netif_loopif_init	16	static
../lwip/src/core/netif.c:189:1:netif_init	40	static
../lwip/src/core/netif.c:229:1:netif_input	16	static
../lwip/src/core/netif.c:251:1:netif_add_noaddr	40	static
../lwip/src/core/netif.c:288:1:netif_add	40	static
../lwip/src/core/netif.c:469:1:netif_do_ip_addr_changed	16	static
../lwip/src/core/netif.c:484:1:netif_do_set_ipaddr	48	static
../lwip/src/core/netif.c:531:1:netif_set_ipaddr	56	static
../lwip/src/core/netif.c:554:1:netif_do_set_netmask	24	static
../lwip/src/core/netif.c:591:1:netif_set_netmask	56	static
../lwip/src/core/netif.c:618:1:netif_do_set_gw	24	static
../lwip/src/core/netif.c:652:1:netif_set_gw	56	static
../lwip/src/core/netif.c:689:1:netif_set_addr	128	static
../lwip/src/core/netif.c:774:1:netif_remove	24	static
../lwip/src/core/netif.c:859:1:netif_set_default	16	static
../lwip/src/core/netif.c:881:1:netif_set_up	32	static
../lwip/src/core/netif.c:912:1:netif_issue_reports	16	static
../lwip/src/core/netif.c:959:1:netif_set_down	32	static
../lwip/src/core/netif.c:1028:1:netif_set_link_up	32	static
../lwip/src/core/netif.c:1066:1:netif_set_link_down	32	static
../lwip/src/core/netif.c:1131:1:netif_loop_output	40	static
../lwip/src/core/netif.c:1237:1:netif_loop_output_ipv4	24	static
../lwip/src/core/netif.c:1246:1:netif_loop_output_ipv6	24	static
../lwip/src/core/netif.c:1262:1:netif_poll	32	static
../lwip/src/core/netif.c:1351:1:netif_alloc_client_data_id	16	static
../lwip/src/core/netif.c:1378:1:netif_ip6_addr_set	40	static
../lwip/src/core/netif.c:1400:1:netif_ip6_addr_set_parts	88	static
../lwip/src/core/netif.c:1457:1:netif_ip6_addr_set_state	32	static
../lwip/src/core/netif.c:1528:1:netif_get_ip6_addr_match	24	static
../lwip/src/core/netif.c:1561:1:netif_create_ip6_linklocal_address	24	static
../lwip/src/core/netif.c:1630:1:netif_add_ip6_address	32	static
../lwip/src/core/netif.c:1670:1:netif_null_output_ip6	24	static
../lwip/src/core/netif.c:1684:1:netif_null_output_ip4	24	static
../lwip/src/core/netif.c:1702:1:netif_name_to_index	24	static
../lwip/src/core/netif.c:1721:1:netif_index_to_name	24	static
../lwip/src/core/netif.c:1741:1:netif_get_by_index	24	static
../lwip/src/core/netif.c:1766:1:netif_find	24	static
../lwip/src/core/netif.c:1803:1:netif_add_ext_callback	16	static
../lwip/src/core/netif.c:1820:1:netif_remove_ext_callback	24	static
../lwip/src/core/netif.c:1853:1:netif_invoke_ext_callback	32	static
